AR programcounter behavioral /home/robert/UMD_RISC-16G5/ProjectLab1/Poject_Lab01/Project1/programCounter.vhd sub00/vhpl01 1459795656
EN instruction_memory_tl NULL /home/robert/UMD_RISC-16G5/ProjectLab1/Poject_Lab01/Project1/Instruction_Memory_TL.vhd sub00/vhpl12 1459795669
AR dc_ctl mixed /home/robert/UMD_RISC-16G5/ProjectLab1/Poject_Lab01/Project1/DC_CTL.vhd sub00/vhpl19 1459795676
EN alu_toplevel NULL /home/robert/UMD_RISC-16G5/ProjectLab1/Poject_Lab01/Project1/alu_toplevel.vhd sub00/vhpl10 1459795667
EN reg_ctl NULL /home/robert/UMD_RISC-16G5/ProjectLab1/Poject_Lab01/Project1/REG_CTL.vhd sub00/vhpl16 1459795673
EN word_unit NULL /home/robert/UMD_RISC-16G5/ProjectLab1/Poject_Lab01/Project1/word_unit.vhd sub00/vhpl32 1459795665
AR word_unit combinational /home/robert/UMD_RISC-16G5/ProjectLab1/Poject_Lab01/Project1/word_unit.vhd sub00/vhpl33 1459795666
AR arith_unit combinational /home/robert/UMD_RISC-16G5/ProjectLab1/Poject_Lab01/Project1/arith_unit.vhd sub00/vhpl05 1459795660
AR data_ctl behavioral /home/robert/UMD_RISC-16G5/ProjectLab1/Poject_Lab01/Project1/DATA_CTL.vhd sub00/vhpl21 1459795678
EN datamem NULL /home/robert/UMD_RISC-16G5/ProjectLab1/Poject_Lab01/Project1/ipcore_dir/DATAMEM.vhd sub00/vhpl30 1459795653
EN instruction_memory NULL /home/robert/UMD_RISC-16G5/ProjectLab1/Poject_Lab01/Project1/ipcore_dir/instruction_memory.vhd sub00/vhpl02 1459795657
EN fetch_ctl NULL /home/robert/UMD_RISC-16G5/ProjectLab1/Poject_Lab01/Project1/Fetch_CTL.vhd sub00/vhpl14 1459795671
AR logical_unit combinational /home/robert/UMD_RISC-16G5/ProjectLab1/Poject_Lab01/Project1/logical_unit.vhd sub00/vhpl07 1459795662
EN logical_unit NULL /home/robert/UMD_RISC-16G5/ProjectLab1/Poject_Lab01/Project1/logical_unit.vhd sub00/vhpl06 1459795661
EN pipelineregisters NULL /home/robert/UMD_RISC-16G5/ProjectLab1/Poject_Lab01/Project1/PipelineRegisters.vhd sub00/vhpl24 1459795681
EN registerbank NULL /home/robert/UMD_RISC-16G5/ProjectLab1/Poject_Lab01/Project1/RegisterBank.vhd sub00/vhpl26 1459795683
AR pipelineregisters behavioral /home/robert/UMD_RISC-16G5/ProjectLab1/Poject_Lab01/Project1/PipelineRegisters.vhd sub00/vhpl25 1459795682
AR fetch_ctl behavioral /home/robert/UMD_RISC-16G5/ProjectLab1/Poject_Lab01/Project1/Fetch_CTL.vhd sub00/vhpl15 1459795672
EN data_ctl NULL /home/robert/UMD_RISC-16G5/ProjectLab1/Poject_Lab01/Project1/DATA_CTL.vhd sub00/vhpl20 1459795677
AR datamem datamem_a /home/robert/UMD_RISC-16G5/ProjectLab1/Poject_Lab01/Project1/ipcore_dir/DATAMEM.vhd sub00/vhpl31 1459795654
EN shift_unit NULL /home/robert/UMD_RISC-16G5/ProjectLab1/Poject_Lab01/Project1/shift_unit.vhd sub00/vhpl08 1459795663
EN programcounter NULL /home/robert/UMD_RISC-16G5/ProjectLab1/Poject_Lab01/Project1/programCounter.vhd sub00/vhpl00 1459795655
EN arith_unit NULL /home/robert/UMD_RISC-16G5/ProjectLab1/Poject_Lab01/Project1/arith_unit.vhd sub00/vhpl04 1459795659
AR imsel dataflow /home/robert/UMD_RISC-16G5/ProjectLab1/Poject_Lab01/Project1/IMSEL.vhd sub00/vhpl23 1459795680
AR instruction_memory instruction_memory_a /home/robert/UMD_RISC-16G5/ProjectLab1/Poject_Lab01/Project1/ipcore_dir/instruction_memory.vhd sub00/vhpl03 1459795658
EN dc_ctl NULL /home/robert/UMD_RISC-16G5/ProjectLab1/Poject_Lab01/Project1/DC_CTL.vhd sub00/vhpl18 1459795675
EN imsel NULL /home/robert/UMD_RISC-16G5/ProjectLab1/Poject_Lab01/Project1/IMSEL.vhd sub00/vhpl22 1459795679
AR instruction_memory_tl structural /home/robert/UMD_RISC-16G5/ProjectLab1/Poject_Lab01/Project1/Instruction_Memory_TL.vhd sub00/vhpl13 1459795670
EN projlab01 NULL /home/robert/UMD_RISC-16G5/ProjectLab1/Poject_Lab01/Project1/ProjLab01.vhd sub00/vhpl28 1459795685
AR projlab01 structural /home/robert/UMD_RISC-16G5/ProjectLab1/Poject_Lab01/Project1/ProjLab01.vhd sub00/vhpl29 1459795686
AR registerbank behavioral /home/robert/UMD_RISC-16G5/ProjectLab1/Poject_Lab01/Project1/RegisterBank.vhd sub00/vhpl27 1459795684
AR alu_toplevel structural /home/robert/UMD_RISC-16G5/ProjectLab1/Poject_Lab01/Project1/alu_toplevel.vhd sub00/vhpl11 1459795668
AR reg_ctl behavioral /home/robert/UMD_RISC-16G5/ProjectLab1/Poject_Lab01/Project1/REG_CTL.vhd sub00/vhpl17 1459795674
AR shift_unit combinational /home/robert/UMD_RISC-16G5/ProjectLab1/Poject_Lab01/Project1/shift_unit.vhd sub00/vhpl09 1459795664
