V3 12
FL /home/robert/UMD_RISC-16G5/DataTest/DataContentionTest/DC_CTL.vhd 2016/04/04.14:39:04 P.20131013
EN work/DC_CTL 1459795231 \
      FL /home/robert/UMD_RISC-16G5/DataTest/DataContentionTest/DC_CTL.vhd \
      PB ieee/std_logic_1164 1381692176
AR work/DC_CTL/Combinational 1459795232 \
      FL /home/robert/UMD_RISC-16G5/DataTest/DataContentionTest/DC_CTL.vhd \
      EN work/DC_CTL 1459795231
FL /home/robert/UMD_RISC-16G5/DataTest/DataContentionTest/DC_Toplevel.vhd 2016/04/03.18:26:03 P.20131013
EN work/DC_Toplevel 1459793923 \
      FL /home/robert/UMD_RISC-16G5/DataTest/DataContentionTest/DC_Toplevel.vhd \
      PB ieee/std_logic_1164 1381692176 LB work
AR work/DC_Toplevel/Structural 1459793924 \
      FL /home/robert/UMD_RISC-16G5/DataTest/DataContentionTest/DC_Toplevel.vhd \
      EN work/DC_Toplevel 1459793923 CP work/DC_CTL CP work/PipelineRegisters
FL /home/robert/UMD_RISC-16G5/DataTest/DataContentionTest/PipelineRegisters.vhd 2016/03/30.14:04:39 P.20131013
EN work/PipelineRegisters 1459793921 \
      FL /home/robert/UMD_RISC-16G5/DataTest/DataContentionTest/PipelineRegisters.vhd \
      PB ieee/std_logic_1164 1381692176
AR work/PipelineRegisters/Behavioral 1459793922 \
      FL /home/robert/UMD_RISC-16G5/DataTest/DataContentionTest/PipelineRegisters.vhd \
      EN work/PipelineRegisters 1459793921
