V3 12
FL /home/robert/Github/UMD_RISC-16G5/ALU/ALU/alu_toplevel.vhd 2016/03/28.19:18:02 P.20131013
EN work/ALU_Toplevel 1459211319 \
      FL /home/robert/Github/UMD_RISC-16G5/ALU/ALU/alu_toplevel.vhd \
      PB ieee/std_logic_1164 1381692176
AR work/ALU_Toplevel/Dataflow 1459211320 \
      FL /home/robert/Github/UMD_RISC-16G5/ALU/ALU/alu_toplevel.vhd \
      EN work/ALU_Toplevel 1459211319
FL /home/robert/Github/UMD_RISC-16G5/ALU/ALU/arith_unit.vhd 2016/03/28.21:47:50 P.20131013
EN work/arith_unit 1459216075 \
      FL /home/robert/Github/UMD_RISC-16G5/ALU/ALU/arith_unit.vhd \
      PB ieee/std_logic_1164 1381692176 PB ieee/std_logic_arith 1381692177 \
      PB ieee/STD_LOGIC_UNSIGNED 1381692179
AR work/arith_unit/Combinational 1459216076 \
      FL /home/robert/Github/UMD_RISC-16G5/ALU/ALU/arith_unit.vhd \
      EN work/arith_unit 1459216075
FL /home/robert/Github/UMD_RISC-16G5/ALU/ALU/logical_unit.vhd 2016/03/28.20:40:41 P.20131013
EN work/logical_unit 1459212046 \
      FL /home/robert/Github/UMD_RISC-16G5/ALU/ALU/logical_unit.vhd \
      PB ieee/std_logic_1164 1381692176 PB ieee/std_logic_arith 1381692177 \
      PB ieee/STD_LOGIC_UNSIGNED 1381692179
AR work/logical_unit/Combinational 1459212047 \
      FL /home/robert/Github/UMD_RISC-16G5/ALU/ALU/logical_unit.vhd \
      EN work/logical_unit 1459212046
FL /home/robert/Github/UMD_RISC-16G5/ALU/ALU/shift_unit.vhd 2016/03/28.20:37:18 P.20131013
EN work/shift_unit 1459211844 \
      FL /home/robert/Github/UMD_RISC-16G5/ALU/ALU/shift_unit.vhd \
      PB ieee/std_logic_1164 1381692176 PB ieee/std_logic_arith 1381692177 \
      PB ieee/STD_LOGIC_UNSIGNED 1381692179
AR work/shift_unit/Combinational 1459211845 \
      FL /home/robert/Github/UMD_RISC-16G5/ALU/ALU/shift_unit.vhd \
      EN work/shift_unit 1459211844
