Release 14.7 - xst P.20131013 (lin64)
Copyright (c) 1995-2013 Xilinx, Inc.  All rights reserved.
--> 
Parameter TMPDIR set to xst/projnav.tmp


Total REAL time to Xst completion: 0.00 secs
Total CPU time to Xst completion: 0.09 secs
 
--> 
Parameter xsthdpdir set to xst


Total REAL time to Xst completion: 0.00 secs
Total CPU time to Xst completion: 0.09 secs
 
--> 
Reading design: Instruction_Memory_TL.prj

TABLE OF CONTENTS
  1) Synthesis Options Summary
  2) HDL Compilation
  3) Design Hierarchy Analysis
  4) HDL Analysis
  5) HDL Synthesis
     5.1) HDL Synthesis Report
  6) Advanced HDL Synthesis
     6.1) Advanced HDL Synthesis Report
  7) Low Level Synthesis
  8) Partition Report
  9) Final Report
	9.1) Device utilization summary
	9.2) Partition Resource Summary
	9.3) TIMING REPORT


=========================================================================
*                      Synthesis Options Summary                        *
=========================================================================
---- Source Parameters
Input File Name                    : "Instruction_Memory_TL.prj"
Input Format                       : mixed
Ignore Synthesis Constraint File   : NO

---- Target Parameters
Output File Name                   : "Instruction_Memory_TL"
Output Format                      : NGC
Target Device                      : xc3s500e-4-fg320

---- Source Options
Top Module Name                    : Instruction_Memory_TL
Automatic FSM Extraction           : YES
FSM Encoding Algorithm             : Auto
Safe Implementation                : No
FSM Style                          : LUT
RAM Extraction                     : Yes
RAM Style                          : Auto
ROM Extraction                     : Yes
Mux Style                          : Auto
Decoder Extraction                 : YES
Priority Encoder Extraction        : Yes
Shift Register Extraction          : YES
Logical Shifter Extraction         : YES
XOR Collapsing                     : YES
ROM Style                          : Auto
Mux Extraction                     : Yes
Resource Sharing                   : YES
Asynchronous To Synchronous        : NO
Multiplier Style                   : Auto
Automatic Register Balancing       : No

---- Target Options
Add IO Buffers                     : YES
Global Maximum Fanout              : 100000
Add Generic Clock Buffer(BUFG)     : 24
Register Duplication               : YES
Slice Packing                      : YES
Optimize Instantiated Primitives   : NO
Use Clock Enable                   : Yes
Use Synchronous Set                : Yes
Use Synchronous Reset              : Yes
Pack IO Registers into IOBs        : Auto
Equivalent register Removal        : YES

---- General Options
Optimization Goal                  : Speed
Optimization Effort                : 1
Keep Hierarchy                     : No
Netlist Hierarchy                  : As_Optimized
RTL Output                         : Yes
Global Optimization                : AllClockNets
Read Cores                         : YES
Write Timing Constraints           : NO
Cross Clock Analysis               : NO
Hierarchy Separator                : /
Bus Delimiter                      : <>
Case Specifier                     : Maintain
Slice Utilization Ratio            : 100
BRAM Utilization Ratio             : 100
Verilog 2001                       : YES
Auto BRAM Packing                  : NO
Slice Utilization Ratio Delta      : 5

---- Other Options
Cores Search Directories           : {"ipcore_dir"  }

=========================================================================


=========================================================================
*                          HDL Compilation                              *
=========================================================================
Compiling vhdl file "/home/robert/UMD_RISC-16G5/ProjectLab2/ProgramCounter/ProgramCounter/PC_INC.vhd" in Library work.
Architecture combinational of Entity pc_inc is up to date.
Compiling vhdl file "/home/robert/UMD_RISC-16G5/ProjectLab2/ProgramCounter/ProgramCounter/PC_OFFSET.vhd" in Library work.
Architecture combinational of Entity pc_offset is up to date.
Compiling vhdl file "/home/robert/UMD_RISC-16G5/ProjectLab2/ProgramCounter/ProgramCounter/SH_PCREG.vhd" in Library work.
Architecture behavioral of Entity sh_pcreg is up to date.
Compiling vhdl file "/home/robert/UMD_RISC-16G5/ProjectLab2/ProgramCounter/ProgramCounter/ADR_LATCH.vhd" in Library work.
Architecture behavioral of Entity adr_latch is up to date.
Compiling vhdl file "/home/robert/UMD_RISC-16G5/ProjectLab2/ProgramCounter/ProgramCounter/Instr_Mem.vhd" in Library work.
Architecture instr_mem_a of Entity instr_mem is up to date.
Compiling vhdl file "/home/robert/UMD_RISC-16G5/ProjectLab2/ProgramCounter/ProgramCounter/Instruction_Memory_TL.vhd" in Library work.
Entity <instruction_memory_tl> compiled.
Entity <instruction_memory_tl> (Architecture <structural>) compiled.

=========================================================================
*                     Design Hierarchy Analysis                         *
=========================================================================
Analyzing hierarchy for entity <Instruction_Memory_TL> in library <work> (architecture <structural>) with generics.
	PCWIDTH = 5

Analyzing hierarchy for entity <PC_INC> in library <work> (architecture <Combinational>) with generics.
	PCWIDTH = 5

Analyzing hierarchy for entity <PC_OFFSET> in library <work> (architecture <Combinational>) with generics.
	PCWIDTH = 5

Analyzing hierarchy for entity <SH_PCREG> in library <work> (architecture <Behavioral>) with generics.
	PCWIDTH = 5
	STACKDEPTH = 4

Analyzing hierarchy for entity <ADR_LATCH> in library <work> (architecture <Behavioral>) with generics.
	PCWIDTH = 5


=========================================================================
*                            HDL Analysis                               *
=========================================================================
Analyzing generic Entity <Instruction_Memory_TL> in library <work> (Architecture <structural>).
	PCWIDTH = 5
WARNING:Xst:753 - "/home/robert/UMD_RISC-16G5/ProjectLab2/ProgramCounter/ProgramCounter/Instruction_Memory_TL.vhd" line 100: Unconnected output port 'OVFLW' of component 'SH_PCREG'.
INFO:Xst:1739 - HDL ADVISOR - "/home/robert/UMD_RISC-16G5/ProjectLab2/ProgramCounter/ProgramCounter/Instruction_Memory_TL.vhd" line 42: declaration of a buffer port will make it difficult for you to validate this design by simulation. It is preferable to declare it as output.
WARNING:Xst:2211 - "/home/robert/UMD_RISC-16G5/ProjectLab2/ProgramCounter/ProgramCounter/Instruction_Memory_TL.vhd" line 119: Instantiating black box module <Instr_Mem>.
Entity <Instruction_Memory_TL> analyzed. Unit <Instruction_Memory_TL> generated.

Analyzing generic Entity <PC_INC> in library <work> (Architecture <Combinational>).
	PCWIDTH = 5
Entity <PC_INC> analyzed. Unit <PC_INC> generated.

Analyzing generic Entity <PC_OFFSET> in library <work> (Architecture <Combinational>).
	PCWIDTH = 5
Entity <PC_OFFSET> analyzed. Unit <PC_OFFSET> generated.

Analyzing generic Entity <SH_PCREG> in library <work> (Architecture <Behavioral>).
	PCWIDTH = 5
	STACKDEPTH = 4
INFO:Xst:1561 - "/home/robert/UMD_RISC-16G5/ProjectLab2/ProgramCounter/ProgramCounter/SH_PCREG.vhd" line 77: Mux is complete : default of case is discarded
Entity <SH_PCREG> analyzed. Unit <SH_PCREG> generated.

Analyzing generic Entity <ADR_LATCH> in library <work> (Architecture <Behavioral>).
	PCWIDTH = 5
Entity <ADR_LATCH> analyzed. Unit <ADR_LATCH> generated.


=========================================================================
*                           HDL Synthesis                               *
=========================================================================

Performing bidirectional port resolution...

Synthesizing Unit <PC_INC>.
    Related source file is "/home/robert/UMD_RISC-16G5/ProjectLab2/ProgramCounter/ProgramCounter/PC_INC.vhd".
    Found 5-bit adder for signal <NEXT_ADR>.
    Summary:
	inferred   1 Adder/Subtractor(s).
Unit <PC_INC> synthesized.


Synthesizing Unit <PC_OFFSET>.
    Related source file is "/home/robert/UMD_RISC-16G5/ProjectLab2/ProgramCounter/ProgramCounter/PC_OFFSET.vhd".
    Found 5-bit adder for signal <NEW_ADR>.
    Summary:
	inferred   1 Adder/Subtractor(s).
Unit <PC_OFFSET> synthesized.


Synthesizing Unit <SH_PCREG>.
    Related source file is "/home/robert/UMD_RISC-16G5/ProjectLab2/ProgramCounter/ProgramCounter/SH_PCREG.vhd".
WARNING:Xst:1305 - Output <OVFLW> is never assigned. Tied to value 0.
    Found 5-bit register for signal <ADROUT>.
    Found 15-bit register for signal <PC_STACK>.
    Summary:
	inferred  20 D-type flip-flop(s).
Unit <SH_PCREG> synthesized.


Synthesizing Unit <ADR_LATCH>.
    Related source file is "/home/robert/UMD_RISC-16G5/ProjectLab2/ProgramCounter/ProgramCounter/ADR_LATCH.vhd".
    Found 5-bit register for signal <ADOUT>.
    Summary:
	inferred   5 D-type flip-flop(s).
Unit <ADR_LATCH> synthesized.


Synthesizing Unit <Instruction_Memory_TL>.
    Related source file is "/home/robert/UMD_RISC-16G5/ProjectLab2/ProgramCounter/ProgramCounter/Instruction_Memory_TL.vhd".
WARNING:Xst:647 - Input <OFFSET> is never used. This port will be preserved and left unconnected if it belongs to a top-level block or it belongs to a sub-block and the hierarchy of this sub-block is preserved.
WARNING:Xst:647 - Input <RTN> is never used. This port will be preserved and left unconnected if it belongs to a top-level block or it belongs to a sub-block and the hierarchy of this sub-block is preserved.
WARNING:Xst:1306 - Output <INS_OFFSET> is never assigned.
WARNING:Xst:647 - Input <JMP> is never used. This port will be preserved and left unconnected if it belongs to a top-level block or it belongs to a sub-block and the hierarchy of this sub-block is preserved.
WARNING:Xst:653 - Signal <ZERO_ADR> is used but never assigned. This sourceless signal will be automatically connected to value 00000.
WARNING:Xst:653 - Signal <WEA> is used but never assigned. This sourceless signal will be automatically connected to value 0.
WARNING:Xst:1780 - Signal <INSADR> is never used or assigned. This unconnected signal will be trimmed during the optimization process.
WARNING:Xst:1780 - Signal <EN> is never used or assigned. This unconnected signal will be trimmed during the optimization process.
WARNING:Xst:653 - Signal <DINA> is used but never assigned. This sourceless signal will be automatically connected to value 0000000000000000.
    Using one-hot encoding for signal <MODE>.
Unit <Instruction_Memory_TL> synthesized.


=========================================================================
HDL Synthesis Report

Macro Statistics
# Adders/Subtractors                                   : 2
 5-bit adder                                           : 2
# Registers                                            : 5
 5-bit register                                        : 5

=========================================================================

=========================================================================
*                       Advanced HDL Synthesis                          *
=========================================================================

Reading core <ipcore_dir/Instr_Mem.ngc>.
Loading core <Instr_Mem> for timing and area information for instance <U2>.

=========================================================================
Advanced HDL Synthesis Report

Macro Statistics
# Adders/Subtractors                                   : 2
 5-bit adder                                           : 2
# Registers                                            : 25
 Flip-Flops                                            : 25

=========================================================================

=========================================================================
*                         Low Level Synthesis                           *
=========================================================================

Optimizing unit <Instruction_Memory_TL> ...

Optimizing unit <SH_PCREG> ...

Mapping all equations...
Building and optimizing final netlist ...
Found area constraint ratio of 100 (+ 5) on block Instruction_Memory_TL, actual ratio is 0.

Final Macro Processing ...

=========================================================================
Final Register Report

Macro Statistics
# Registers                                            : 25
 Flip-Flops                                            : 25

=========================================================================

=========================================================================
*                           Partition Report                            *
=========================================================================

Partition Implementation Status
-------------------------------

  No Partitions were found in this design.

-------------------------------

=========================================================================
*                            Final Report                               *
=========================================================================
Final Results
RTL Top Level Output File Name     : Instruction_Memory_TL.ngr
Top Level Output File Name         : Instruction_Memory_TL
Output Format                      : NGC
Optimization Goal                  : Speed
Keep Hierarchy                     : No

Design Statistics
# IOs                              : 48

Cell Usage :
# BELS                             : 65
#      GND                         : 2
#      LUT2                        : 11
#      LUT3                        : 18
#      LUT3_D                      : 2
#      LUT3_L                      : 2
#      LUT4                        : 15
#      LUT4_L                      : 5
#      MUXCY                       : 4
#      VCC                         : 1
#      XORCY                       : 5
# FlipFlops/Latches                : 25
#      FDC                         : 5
#      FDCE                        : 20
# RAMS                             : 1
#      RAMB16_S36_S36              : 1
# Clock Buffers                    : 1
#      BUFGP                       : 1
# IO Buffers                       : 21
#      IBUF                        : 1
#      OBUF                        : 20
=========================================================================

Device utilization summary:
---------------------------

Selected Device : 3s500efg320-4 

 Number of Slices:                       29  out of   4656     0%  
 Number of Slice Flip Flops:             25  out of   9312     0%  
 Number of 4 input LUTs:                 53  out of   9312     0%  
 Number of IOs:                          48
 Number of bonded IOBs:                  22  out of    232     9%  
 Number of BRAMs:                         1  out of     20     5%  
 Number of GCLKs:                         1  out of     24     4%  

---------------------------
Partition Resource Summary:
---------------------------

  No Partitions were found in this design.

---------------------------


=========================================================================
TIMING REPORT

NOTE: THESE TIMING NUMBERS ARE ONLY A SYNTHESIS ESTIMATE.
      FOR ACCURATE TIMING INFORMATION PLEASE REFER TO THE TRACE REPORT
      GENERATED AFTER PLACE-and-ROUTE.

Clock Information:
------------------
-----------------------------------+------------------------+-------+
Clock Signal                       | Clock buffer(FF name)  | Load  |
-----------------------------------+------------------------+-------+
CLK                                | BUFGP                  | 26    |
-----------------------------------+------------------------+-------+

Asynchronous Control Signals Information:
----------------------------------------
-----------------------------------+------------------------+-------+
Control Signal                     | Buffer(FF name)        | Load  |
-----------------------------------+------------------------+-------+
RST                                | IBUF                   | 25    |
-----------------------------------+------------------------+-------+

Timing Summary:
---------------
Speed Grade: -4

   Minimum period: 7.413ns (Maximum Frequency: 134.898MHz)
   Minimum input arrival time before clock: 6.308ns
   Maximum output required time after clock: 7.334ns
   Maximum combinational path delay: No path found

Timing Detail:
--------------
All values displayed in nanoseconds (ns)

=========================================================================
Timing constraint: Default period analysis for Clock 'CLK'
  Clock period: 7.413ns (frequency: 134.898MHz)
  Total number of paths / destination ports: 263 / 55
-------------------------------------------------------------------------
Delay:               7.413ns (Levels of Logic = 4)
  Source:            U2/U0/xst_blk_mem_generator/gnativebmg.native_blk_mem_gen/valid.cstr/ramloop[0].ram.r/s3_init.ram/spram.ram (RAM)
  Destination:       ADR_LTCH/ADOUT_1 (FF)
  Source Clock:      CLK rising
  Destination Clock: CLK rising

  Data Path: U2/U0/xst_blk_mem_generator/gnativebmg.native_blk_mem_gen/valid.cstr/ramloop[0].ram.r/s3_init.ram/spram.ram to ADR_LTCH/ADOUT_1
                                Gate     Net
    Cell:in->out      fanout   Delay   Delay  Logical Name (Net Name)
    ----------------------------------------  ------------
     RAMB16_S36_S36:CLKB->DOB24   10   2.800   0.961  U0/xst_blk_mem_generator/gnativebmg.native_blk_mem_gen/valid.cstr/ramloop[0].ram.r/s3_init.ram/spram.ram (douta<14>)
     end scope: 'U2'
     LUT3_D:I1->O          5   0.704   0.637  NEXT_ADDR<2>211 (N9)
     LUT4:I3->O            1   0.704   0.595  NEXT_ADDR<1>0 (NEXT_ADDR<1>0)
     LUT4:I0->O            1   0.704   0.000  NEXT_ADDR<1>29 (NEXT_ADDR<1>)
     FDC:D                     0.308          ADR_LTCH/ADOUT_1
    ----------------------------------------
    Total                      7.413ns (5.220ns logic, 2.193ns route)
                                       (70.4% logic, 29.6% route)

=========================================================================
Timing constraint: Default OFFSET IN BEFORE for Clock 'CLK'
  Total number of paths / destination ports: 14 / 5
-------------------------------------------------------------------------
Offset:              6.308ns (Levels of Logic = 4)
  Source:            RST (PAD)
  Destination:       ADR_LTCH/ADOUT_1 (FF)
  Destination Clock: CLK rising

  Data Path: RST to ADR_LTCH/ADOUT_1
                                Gate     Net
    Cell:in->out      fanout   Delay   Delay  Logical Name (Net Name)
    ----------------------------------------  ------------
     IBUF:I->O            33   1.218   1.438  RST_IBUF (RST_IBUF)
     LUT3_D:I0->O          5   0.704   0.637  NEXT_ADDR<2>211 (N9)
     LUT4:I3->O            1   0.704   0.595  NEXT_ADDR<1>0 (NEXT_ADDR<1>0)
     LUT4:I0->O            1   0.704   0.000  NEXT_ADDR<1>29 (NEXT_ADDR<1>)
     FDC:D                     0.308          ADR_LTCH/ADOUT_1
    ----------------------------------------
    Total                      6.308ns (3.638ns logic, 2.670ns route)
                                       (57.7% logic, 42.3% route)

=========================================================================
Timing constraint: Default OFFSET OUT AFTER for Clock 'CLK'
  Total number of paths / destination ports: 20 / 20
-------------------------------------------------------------------------
Offset:              7.334ns (Levels of Logic = 2)
  Source:            U2/U0/xst_blk_mem_generator/gnativebmg.native_blk_mem_gen/valid.cstr/ramloop[0].ram.r/s3_init.ram/spram.ram (RAM)
  Destination:       OP<0> (PAD)
  Source Clock:      CLK rising

  Data Path: U2/U0/xst_blk_mem_generator/gnativebmg.native_blk_mem_gen/valid.cstr/ramloop[0].ram.r/s3_init.ram/spram.ram to OP<0>
                                Gate     Net
    Cell:in->out      fanout   Delay   Delay  Logical Name (Net Name)
    ----------------------------------------  ------------
     RAMB16_S36_S36:CLKB->DOB16   31   2.800   1.262  U0/xst_blk_mem_generator/gnativebmg.native_blk_mem_gen/valid.cstr/ramloop[0].ram.r/s3_init.ram/spram.ram (douta<12>)
     end scope: 'U2'
     OBUF:I->O                 3.272          OP_0_OBUF (OP<0>)
    ----------------------------------------
    Total                      7.334ns (6.072ns logic, 1.262ns route)
                                       (82.8% logic, 17.2% route)

=========================================================================


Total REAL time to Xst completion: 9.00 secs
Total CPU time to Xst completion: 8.15 secs
 
--> 


Total memory usage is 521640 kilobytes

Number of errors   :    0 (   0 filtered)
Number of warnings :   12 (   0 filtered)
Number of infos    :    2 (   0 filtered)

