V3 36
FL /home/robert/UMD_RISC-16G5/Lab2/Code/RPNCalc/alu_arithmetic_unit.vhd 2016/02/12.15:51:23 P.20131013
EN work/Arith_Unit 1455756697 \
      FL /home/robert/UMD_RISC-16G5/Lab2/Code/RPNCalc/alu_arithmetic_unit.vhd \
      PB ieee/std_logic_1164 1381692176 PB ieee/std_logic_arith 1381692177 \
      PB ieee/STD_LOGIC_UNSIGNED 1381692179
AR work/Arith_Unit/Combinational 1455756698 \
      FL /home/robert/UMD_RISC-16G5/Lab2/Code/RPNCalc/alu_arithmetic_unit.vhd \
      EN work/Arith_Unit 1455756697
FL /home/robert/UMD_RISC-16G5/Lab2/Code/RPNCalc/alu_logic_unit.vhd 2016/02/12.15:51:23 P.20131013
EN work/Logic_Unit 1455756699 \
      FL /home/robert/UMD_RISC-16G5/Lab2/Code/RPNCalc/alu_logic_unit.vhd \
      PB ieee/std_logic_1164 1381692176 PB ieee/std_logic_arith 1381692177 \
      PB ieee/STD_LOGIC_UNSIGNED 1381692179
AR work/Logic_Unit/Combinational 1455756700 \
      FL /home/robert/UMD_RISC-16G5/Lab2/Code/RPNCalc/alu_logic_unit.vhd \
      EN work/Logic_Unit 1455756699
FL /home/robert/UMD_RISC-16G5/Lab2/Code/RPNCalc/alu_mux.vhd 2016/02/12.15:51:23 P.20131013
EN work/ALU_Mux 1455756705 \
      FL /home/robert/UMD_RISC-16G5/Lab2/Code/RPNCalc/alu_mux.vhd \
      PB ieee/std_logic_1164 1381692176 PB ieee/std_logic_arith 1381692177 \
      PB ieee/STD_LOGIC_UNSIGNED 1381692179
AR work/ALU_Mux/Combinational 1455756706 \
      FL /home/robert/UMD_RISC-16G5/Lab2/Code/RPNCalc/alu_mux.vhd EN work/ALU_Mux 1455756705
FL /home/robert/UMD_RISC-16G5/Lab2/Code/RPNCalc/alu_shift_unit.vhd 2016/02/12.15:51:23 P.20131013
EN work/ALU_Shift_Unit 1455756701 \
      FL /home/robert/UMD_RISC-16G5/Lab2/Code/RPNCalc/alu_shift_unit.vhd \
      PB ieee/std_logic_1164 1381692176 PB ieee/std_logic_arith 1381692177 \
      PB ieee/STD_LOGIC_UNSIGNED 1381692179
AR work/ALU_Shift_Unit/Combinational 1455756702 \
      FL /home/robert/UMD_RISC-16G5/Lab2/Code/RPNCalc/alu_shift_unit.vhd \
      EN work/ALU_Shift_Unit 1455756701
FL /home/robert/UMD_RISC-16G5/Lab2/Code/RPNCalc/debounce.vhd 2016/02/12.15:51:23 P.20131013
EN work/debounce 1455756693 \
      FL /home/robert/UMD_RISC-16G5/Lab2/Code/RPNCalc/debounce.vhd \
      PB ieee/std_logic_1164 1381692176 PB ieee/STD_LOGIC_UNSIGNED 1381692179
AR work/debounce/Logic 1455756694 \
      FL /home/robert/UMD_RISC-16G5/Lab2/Code/RPNCalc/debounce.vhd \
      EN work/debounce 1455756693
FL /home/robert/UMD_RISC-16G5/Lab2/Code/RPNCalc/load_store_unit.vhd 2016/02/12.15:51:23 P.20131013
EN work/Load_Store_Unit 1455756703 \
      FL /home/robert/UMD_RISC-16G5/Lab2/Code/RPNCalc/load_store_unit.vhd \
      PB ieee/std_logic_1164 1381692176 PB ieee/std_logic_arith 1381692177 \
      PB ieee/STD_LOGIC_UNSIGNED 1381692179
AR work/Load_Store_Unit/Behavioral 1455756704 \
      FL /home/robert/UMD_RISC-16G5/Lab2/Code/RPNCalc/load_store_unit.vhd \
      EN work/Load_Store_Unit 1455756703
FL /home/robert/UMD_RISC-16G5/Lab2/Code/RPNCalc/RPN_toplevel.vhd 2016/02/17.19:45:25 P.20131013
EN work/RPN_toplevel 1455756709 \
      FL /home/robert/UMD_RISC-16G5/Lab2/Code/RPNCalc/RPN_toplevel.vhd \
      PB ieee/std_logic_1164 1381692176 PB ieee/std_logic_arith 1381692177 \
      PB ieee/STD_LOGIC_UNSIGNED 1381692179 LB work
AR work/RPN_toplevel/Structural 1455756710 \
      FL /home/robert/UMD_RISC-16G5/Lab2/Code/RPNCalc/RPN_toplevel.vhd \
      EN work/RPN_toplevel 1455756709 CP work/debounce CP work/UXCntl_Unit \
      CP work/Arith_Unit CP work/Logic_Unit CP work/alu_shift_unit \
      CP work/Load_Store_Unit CP work/ALU_Mux CP work/SSegDriver
FL /home/robert/UMD_RISC-16G5/Lab2/Code/RPNCalc/SevenSeg.vhd 2016/02/12.15:51:23 P.20131013
EN work/SSegDriver 1455756707 \
      FL /home/robert/UMD_RISC-16G5/Lab2/Code/RPNCalc/SevenSeg.vhd \
      PB ieee/std_logic_1164 1381692176 PB ieee/std_logic_arith 1381692177 \
      PB ieee/STD_LOGIC_UNSIGNED 1381692179
AR work/SSegDriver/Behavioral 1455756708 \
      FL /home/robert/UMD_RISC-16G5/Lab2/Code/RPNCalc/SevenSeg.vhd \
      EN work/SSegDriver 1455756707
FL /home/robert/UMD_RISC-16G5/Lab2/Code/RPNCalc/UXCntl_Unit-Logic.vhd 2016/02/17.19:51:28 P.20131013
EN work/UXCntl_Unit 1455756695 \
      FL /home/robert/UMD_RISC-16G5/Lab2/Code/RPNCalc/UXCntl_Unit-Logic.vhd \
      PB ieee/std_logic_1164 1381692176 PB ieee/std_logic_arith 1381692177 \
      PB ieee/STD_LOGIC_UNSIGNED 1381692179
AR work/UXCntl_Unit/Behavioral 1455756696 \
      FL /home/robert/UMD_RISC-16G5/Lab2/Code/RPNCalc/UXCntl_Unit-Logic.vhd \
      EN work/UXCntl_Unit 1455756695
