V3 4
FL //vnx-cifs/coefs/eng/shared/cparks1/Xilinx/UCF_Test_Proj/UCF_Test_Module.vhd 2016/04/15.16:41:41 P.20131013
EN work/UCF_Test_Module 1460752906 \
      FL //vnx-cifs/coefs/eng/shared/cparks1/Xilinx/UCF_Test_Proj/UCF_Test_Module.vhd \
      PB ieee/std_logic_1164 1381692176 LB work
AR work/UCF_Test_Module/Dataflow 1460752907 \
      FL //vnx-cifs/coefs/eng/shared/cparks1/Xilinx/UCF_Test_Proj/UCF_Test_Module.vhd \
      EN work/UCF_Test_Module 1460752906
