V3 25
FL "//vnx-cifs/coefs/eng/shared/cparks1/Junior Year (2015-2016)/ECE 368/Poject_Lab01/ProjLab1/DC_CTL.vhd" 2016/03/28.14:57:32 P.20131013
FL "//vnx-cifs/coefs/eng/shared/cparks1/Junior Year (2015-2016)/ECE 368/Poject_Lab01/ProjLab1/Dispatch.vhd" 2016/03/28.15:07:50 P.20131013
FL "//vnx-cifs/coefs/eng/shared/cparks1/Junior Year (2015-2016)/ECE 368/Poject_Lab01/ProjLab1/Fetch_CTL.vhd" 2016/03/28.14:12:45 P.20131013
FL "//vnx-cifs/coefs/eng/shared/cparks1/Junior Year (2015-2016)/ECE 368/Poject_Lab01/ProjLab1/ProjLab01.vhd" 2016/03/28.15:01:31 P.20131013
FL "//vnx-cifs/coefs/eng/shared/cparks1/Junior Year (2015-2016)/ECE 368/Poject_Lab01/ProjLab1/REG_CTL.vhd" 2016/03/28.15:12:39 P.20131013
FL /home/robert/UMD_RISC-16G5/ProjectLab1/Poject_Lab01/ProjLab1/DC_CTL.vhd 2016/03/28.14:57:32 P.20131013
EN work/DC_CTL 1459193323 \
      FL /home/robert/UMD_RISC-16G5/ProjectLab1/Poject_Lab01/ProjLab1/DC_CTL.vhd \
      PB ieee/std_logic_1164 1381692176
AR work/DC_CTL/Behavioral 1459193324 \
      FL /home/robert/UMD_RISC-16G5/ProjectLab1/Poject_Lab01/ProjLab1/DC_CTL.vhd \
      EN work/DC_CTL 1459193323
FL /home/robert/UMD_RISC-16G5/ProjectLab1/Poject_Lab01/ProjLab1/Dispatch.vhd 2016/03/28.15:07:50 P.20131013
EN work/Dispatch 1459193317 \
      FL /home/robert/UMD_RISC-16G5/ProjectLab1/Poject_Lab01/ProjLab1/Dispatch.vhd \
      PB ieee/std_logic_1164 1381692176
AR work/Dispatch/Behavioral 1459193318 \
      FL /home/robert/UMD_RISC-16G5/ProjectLab1/Poject_Lab01/ProjLab1/Dispatch.vhd \
      EN work/Dispatch 1459193317
FL /home/robert/UMD_RISC-16G5/ProjectLab1/Poject_Lab01/ProjLab1/Fetch_CTL.vhd 2016/03/28.14:12:46 P.20131013
EN work/Fetch_CTL 1459193319 \
      FL /home/robert/UMD_RISC-16G5/ProjectLab1/Poject_Lab01/ProjLab1/Fetch_CTL.vhd \
      PB ieee/std_logic_1164 1381692176
AR work/Fetch_CTL/Behavioral 1459193320 \
      FL /home/robert/UMD_RISC-16G5/ProjectLab1/Poject_Lab01/ProjLab1/Fetch_CTL.vhd \
      EN work/Fetch_CTL 1459193319
FL /home/robert/UMD_RISC-16G5/ProjectLab1/Poject_Lab01/ProjLab1/ProjLab01.vhd 2016/03/28.15:01:32 P.20131013
EN work/ProjLab01 1459193325 \
      FL /home/robert/UMD_RISC-16G5/ProjectLab1/Poject_Lab01/ProjLab1/ProjLab01.vhd \
      PB ieee/std_logic_1164 1381692176 LB work
AR work/ProjLab01/Structural 1459193326 \
      FL /home/robert/UMD_RISC-16G5/ProjectLab1/Poject_Lab01/ProjLab1/ProjLab01.vhd \
      EN work/ProjLab01 1459193325 CP work/Dispatch CP work/Fetch_CTL \
      CP work/REG_CTL CP work/DC_CTL
FL /home/robert/UMD_RISC-16G5/ProjectLab1/Poject_Lab01/ProjLab1/REG_CTL.vhd 2016/03/28.15:12:40 P.20131013
EN work/REG_CTL 1459193321 \
      FL /home/robert/UMD_RISC-16G5/ProjectLab1/Poject_Lab01/ProjLab1/REG_CTL.vhd \
      PB ieee/std_logic_1164 1381692176
AR work/REG_CTL/Behavioral 1459193322 \
      FL /home/robert/UMD_RISC-16G5/ProjectLab1/Poject_Lab01/ProjLab1/REG_CTL.vhd \
      EN work/REG_CTL 1459193321
