EN vga_toplevel NULL /home/robert/UMD_RISC-16G5/Lab3/XTerm/XTerm/vga_toplevel.vhd sub00/vhpl22 1455920505
EN we_ascii NULL /home/robert/UMD_RISC-16G5/Lab3/XTerm/XTerm/we_ascii.vhd sub00/vhpl04 1455920485
EN ps2_driver NULL /home/robert/UMD_RISC-16G5/Lab3/XTerm/XTerm/ps2_driver.vhd sub00/vhpl00 1455920481
EN cursor NULL /home/robert/UMD_RISC-16G5/Lab3/XTerm/XTerm/cursor.vhd sub00/vhpl20 1455920503
AR vga_buffer_ram vga_buffer_ram_a /home/robert/UMD_RISC-16G5/Lab3/XTerm/XTerm/ipcore_dir/VGA_BUFFER_RAM.vhd sub00/vhpl24 1455920500
AR we_ascii dataflow /home/robert/UMD_RISC-16G5/Lab3/XTerm/XTerm/we_ascii.vhd sub00/vhpl05 1455920486
AR cursor behavioral /home/robert/UMD_RISC-16G5/Lab3/XTerm/XTerm/cursor.vhd sub00/vhpl21 1455920504
EN vga_buffer_ram NULL /home/robert/UMD_RISC-16G5/Lab3/XTerm/XTerm/ipcore_dir/VGA_BUFFER_RAM.vhd sub00/vhpl23 1455920499
AR keyboard_controller structural /home/robert/UMD_RISC-16G5/Lab3/XTerm/XTerm/keyboard_controller.vhd sub00/vhpl07 1455920502
AR rgb behavioral /home/robert/UMD_RISC-16G5/Lab3/XTerm/XTerm/rgb.vhd sub00/vhpl13 1455920492
EN keyboard_controller NULL /home/robert/UMD_RISC-16G5/Lab3/XTerm/XTerm/keyboard_controller.vhd sub00/vhpl06 1455920501
EN clk_25mhz NULL /home/robert/UMD_RISC-16G5/Lab3/XTerm/XTerm/clk25MHz.vhd sub00/vhpl08 1455920487
EN keycode_to_ascii NULL /home/robert/UMD_RISC-16G5/Lab3/XTerm/XTerm/keycode_to_ascii.vhd sub00/vhpl02 1455920483
AR vga_controller behavioral /home/robert/UMD_RISC-16G5/Lab3/XTerm/XTerm/vga_controller.vhd sub00/vhpl11 1455920490
AR vga_toplevel structural /home/robert/UMD_RISC-16G5/Lab3/XTerm/XTerm/vga_toplevel.vhd sub00/vhpl25 1455920506
AR font_rom arch /home/robert/UMD_RISC-16G5/Lab3/XTerm/XTerm/font_rom_ascii.vhd sub00/vhpl17 1455920496
AR ps2_driver behavioral /home/robert/UMD_RISC-16G5/Lab3/XTerm/XTerm/ps2_driver.vhd sub00/vhpl01 1455920482
AR blinker behavioral /home/robert/UMD_RISC-16G5/Lab3/XTerm/XTerm/blinker.vhd sub00/vhpl19 1455920498
EN font_rom NULL /home/robert/UMD_RISC-16G5/Lab3/XTerm/XTerm/font_rom_ascii.vhd sub00/vhpl16 1455920495
EN vga_controller NULL /home/robert/UMD_RISC-16G5/Lab3/XTerm/XTerm/vga_controller.vhd sub00/vhpl10 1455920489
AR keycode_to_ascii dataflow /home/robert/UMD_RISC-16G5/Lab3/XTerm/XTerm/keycode_to_ascii.vhd sub00/vhpl03 1455920484
AR clk_25mhz behavioral /home/robert/UMD_RISC-16G5/Lab3/XTerm/XTerm/clk25MHz.vhd sub00/vhpl09 1455920488
EN mux8to1 NULL /home/robert/UMD_RISC-16G5/Lab3/XTerm/XTerm/mux8to1.vhd sub00/vhpl14 1455920493
EN rgb NULL /home/robert/UMD_RISC-16G5/Lab3/XTerm/XTerm/rgb.vhd sub00/vhpl12 1455920491
AR mux8to1 behavioral /home/robert/UMD_RISC-16G5/Lab3/XTerm/XTerm/mux8to1.vhd sub00/vhpl15 1455920494
EN blinker NULL /home/robert/UMD_RISC-16G5/Lab3/XTerm/XTerm/blinker.vhd sub00/vhpl18 1455920497
