EN vga_toplevel NULL /home/robert/UMD_RISC-16G5/Lab3/XTerm/XTerm/vga_toplevel.vhd sub00/vhpl22 1456356484
EN we_ascii NULL /home/robert/UMD_RISC-16G5/Lab3/XTerm/XTerm/we_ascii.vhd sub00/vhpl04 1456356464
EN ps2_driver NULL /home/robert/UMD_RISC-16G5/Lab3/XTerm/XTerm/ps2_driver.vhd sub00/vhpl00 1456356460
EN cursor NULL /home/robert/UMD_RISC-16G5/Lab3/XTerm/XTerm/cursor.vhd sub00/vhpl20 1456356482
AR vga_buffer_ram vga_buffer_ram_a /home/robert/UMD_RISC-16G5/Lab3/XTerm/XTerm/ipcore_dir/VGA_BUFFER_RAM.vhd sub00/vhpl24 1456356479
AR we_ascii dataflow /home/robert/UMD_RISC-16G5/Lab3/XTerm/XTerm/we_ascii.vhd sub00/vhpl05 1456356465
AR cursor behavioral /home/robert/UMD_RISC-16G5/Lab3/XTerm/XTerm/cursor.vhd sub00/vhpl21 1456356483
EN vga_buffer_ram NULL /home/robert/UMD_RISC-16G5/Lab3/XTerm/XTerm/ipcore_dir/VGA_BUFFER_RAM.vhd sub00/vhpl23 1456356478
AR keyboard_controller structural /home/robert/UMD_RISC-16G5/Lab3/XTerm/XTerm/keyboard_controller.vhd sub00/vhpl07 1456356481
AR rgb behavioral /home/robert/UMD_RISC-16G5/Lab3/XTerm/XTerm/rgb.vhd sub00/vhpl13 1456356471
EN keyboard_controller NULL /home/robert/UMD_RISC-16G5/Lab3/XTerm/XTerm/keyboard_controller.vhd sub00/vhpl06 1456356480
EN clk_25mhz NULL /home/robert/UMD_RISC-16G5/Lab3/XTerm/XTerm/clk25MHz.vhd sub00/vhpl08 1456356466
EN keycode_to_ascii NULL /home/robert/UMD_RISC-16G5/Lab3/XTerm/XTerm/keycode_to_ascii.vhd sub00/vhpl02 1456356462
AR vga_controller behavioral /home/robert/UMD_RISC-16G5/Lab3/XTerm/XTerm/vga_controller.vhd sub00/vhpl11 1456356469
AR vga_toplevel structural /home/robert/UMD_RISC-16G5/Lab3/XTerm/XTerm/vga_toplevel.vhd sub00/vhpl25 1456356485
AR font_rom arch /home/robert/UMD_RISC-16G5/Lab3/XTerm/XTerm/font_rom_ascii.vhd sub00/vhpl17 1456356475
AR ps2_driver behavioral /home/robert/UMD_RISC-16G5/Lab3/XTerm/XTerm/ps2_driver.vhd sub00/vhpl01 1456356461
AR blinker behavioral /home/robert/UMD_RISC-16G5/Lab3/XTerm/XTerm/blinker.vhd sub00/vhpl19 1456356477
EN font_rom NULL /home/robert/UMD_RISC-16G5/Lab3/XTerm/XTerm/font_rom_ascii.vhd sub00/vhpl16 1456356474
EN vga_controller NULL /home/robert/UMD_RISC-16G5/Lab3/XTerm/XTerm/vga_controller.vhd sub00/vhpl10 1456356468
AR keycode_to_ascii dataflow /home/robert/UMD_RISC-16G5/Lab3/XTerm/XTerm/keycode_to_ascii.vhd sub00/vhpl03 1456356463
AR clk_25mhz behavioral /home/robert/UMD_RISC-16G5/Lab3/XTerm/XTerm/clk25MHz.vhd sub00/vhpl09 1456356467
EN mux8to1 NULL /home/robert/UMD_RISC-16G5/Lab3/XTerm/XTerm/mux8to1.vhd sub00/vhpl14 1456356472
EN rgb NULL /home/robert/UMD_RISC-16G5/Lab3/XTerm/XTerm/rgb.vhd sub00/vhpl12 1456356470
AR mux8to1 behavioral /home/robert/UMD_RISC-16G5/Lab3/XTerm/XTerm/mux8to1.vhd sub00/vhpl15 1456356473
EN blinker NULL /home/robert/UMD_RISC-16G5/Lab3/XTerm/XTerm/blinker.vhd sub00/vhpl18 1456356476
