AR programcounter behavioral //umdfs1.umdar.umassd.edu/studentshares$/cparks1/ECE368_Project_Lab1_Team5/programCounter.vhd sub00/vhpl03 1461354367
AR instr_mem instr_mem_a //umdfs1.umdar.umassd.edu/studentshares$/cparks1/ECE368_Project_Lab1_Team5/ipcore_dir/Instr_Mem.vhd sub00/vhpl05 1461354369
EN instruction_memory_tl NULL //umdfs1.umdar.umassd.edu/studentshares$/cparks1/ECE368_Project_Lab1_Team5/Instruction_Memory_TL.vhd sub00/vhpl18 1461354382
AR dc_ctl mixed //umdfs1.umdar.umassd.edu/studentshares$/cparks1/ECE368_Project_Lab1_Team5/DC_CTL.vhd sub00/vhpl23 1461354387
EN alu_toplevel NULL //umdfs1.umdar.umassd.edu/studentshares$/cparks1/ECE368_Project_Lab1_Team5/alu_toplevel.vhd sub00/vhpl16 1461354380
EN reg_ctl NULL //umdfs1.umdar.umassd.edu/studentshares$/cparks1/ECE368_Project_Lab1_Team5/REG_CTL.vhd sub00/vhpl20 1461354384
EN word_unit NULL //umdfs1.umdar.umassd.edu/studentshares$/cparks1/ECE368_Project_Lab1_Team5/word_unit.vhd sub00/vhpl12 1461354376
AR word_unit combinational //umdfs1.umdar.umassd.edu/studentshares$/cparks1/ECE368_Project_Lab1_Team5/word_unit.vhd sub00/vhpl13 1461354377
AR arith_unit combinational //umdfs1.umdar.umassd.edu/studentshares$/cparks1/ECE368_Project_Lab1_Team5/arith_unit.vhd sub00/vhpl07 1461354371
AR data_ctl behavioral //umdfs1.umdar.umassd.edu/studentshares$/cparks1/ECE368_Project_Lab1_Team5/DATA_CTL.vhd sub00/vhpl25 1461354389
EN datamem NULL //umdfs1.umdar.umassd.edu/studentshares$/cparks1/ECE368_Project_Lab1_Team5/ipcore_dir/DATAMEM.vhd sub00/vhpl00 1461354364
AR jump_unit combinational //umdfs1.umdar.umassd.edu/studentshares$/cparks1/ECE368_Project_Lab1_Team5/jump_unit.vhd sub00/vhpl15 1461354473
AR reg_ctl dataflow //umdfs1.umdar.umassd.edu/studentshares$/cparks1/ECE368_Project_Lab1_Team5/REG_CTL.vhd sub00/vhpl21 1461354385
AR logical_unit combinational //umdfs1.umdar.umassd.edu/studentshares$/cparks1/ECE368_Project_Lab1_Team5/logical_unit.vhd sub00/vhpl09 1461354373
EN logical_unit NULL //umdfs1.umdar.umassd.edu/studentshares$/cparks1/ECE368_Project_Lab1_Team5/logical_unit.vhd sub00/vhpl08 1461354372
EN pipelineregisters NULL //umdfs1.umdar.umassd.edu/studentshares$/cparks1/ECE368_Project_Lab1_Team5/PipelineRegisters.vhd sub00/vhpl28 1461354392
EN registerbank NULL //umdfs1.umdar.umassd.edu/studentshares$/cparks1/ECE368_Project_Lab1_Team5/RegisterBank.vhd sub00/vhpl30 1461354394
AR pipelineregisters behavioral //umdfs1.umdar.umassd.edu/studentshares$/cparks1/ECE368_Project_Lab1_Team5/PipelineRegisters.vhd sub00/vhpl29 1461354393
EN data_ctl NULL //umdfs1.umdar.umassd.edu/studentshares$/cparks1/ECE368_Project_Lab1_Team5/DATA_CTL.vhd sub00/vhpl24 1461354388
AR datamem datamem_a //umdfs1.umdar.umassd.edu/studentshares$/cparks1/ECE368_Project_Lab1_Team5/ipcore_dir/DATAMEM.vhd sub00/vhpl01 1461354365
EN shift_unit NULL //umdfs1.umdar.umassd.edu/studentshares$/cparks1/ECE368_Project_Lab1_Team5/shift_unit.vhd sub00/vhpl10 1461354374
EN programcounter NULL //umdfs1.umdar.umassd.edu/studentshares$/cparks1/ECE368_Project_Lab1_Team5/programCounter.vhd sub00/vhpl02 1461354366
EN arith_unit NULL //umdfs1.umdar.umassd.edu/studentshares$/cparks1/ECE368_Project_Lab1_Team5/arith_unit.vhd sub00/vhpl06 1461354370
AR imsel dataflow //umdfs1.umdar.umassd.edu/studentshares$/cparks1/ECE368_Project_Lab1_Team5/IMSEL.vhd sub00/vhpl27 1461354391
EN dc_ctl NULL //umdfs1.umdar.umassd.edu/studentshares$/cparks1/ECE368_Project_Lab1_Team5/DC_CTL.vhd sub00/vhpl22 1461354386
EN imsel NULL //umdfs1.umdar.umassd.edu/studentshares$/cparks1/ECE368_Project_Lab1_Team5/IMSEL.vhd sub00/vhpl26 1461354390
AR instruction_memory_tl structural //umdfs1.umdar.umassd.edu/studentshares$/cparks1/ECE368_Project_Lab1_Team5/Instruction_Memory_TL.vhd sub00/vhpl19 1461354383
EN projlab01 NULL //umdfs1.umdar.umassd.edu/studentshares$/cparks1/ECE368_Project_Lab1_Team5/ProjLab01.vhd sub00/vhpl32 1461354396
AR projlab01 structural //umdfs1.umdar.umassd.edu/studentshares$/cparks1/ECE368_Project_Lab1_Team5/ProjLab01.vhd sub00/vhpl33 1461354397
AR registerbank behavioral //umdfs1.umdar.umassd.edu/studentshares$/cparks1/ECE368_Project_Lab1_Team5/RegisterBank.vhd sub00/vhpl31 1461354395
AR alu_toplevel structural //umdfs1.umdar.umassd.edu/studentshares$/cparks1/ECE368_Project_Lab1_Team5/alu_toplevel.vhd sub00/vhpl17 1461354381
EN jump_unit NULL //umdfs1.umdar.umassd.edu/studentshares$/cparks1/ECE368_Project_Lab1_Team5/jump_unit.vhd sub00/vhpl14 1461354472
EN instr_mem NULL //umdfs1.umdar.umassd.edu/studentshares$/cparks1/ECE368_Project_Lab1_Team5/ipcore_dir/Instr_Mem.vhd sub00/vhpl04 1461354368
AR shift_unit combinational //umdfs1.umdar.umassd.edu/studentshares$/cparks1/ECE368_Project_Lab1_Team5/shift_unit.vhd sub00/vhpl11 1461354375
