EN pixel_clk NULL /home/robert/UMD_RISC-16G5/Lab3/VGADisplay/VGAColor/pixel_clk.vhd sub00/vhpl04 1456493317
AR clk_100mhz behavioral /home/robert/UMD_RISC-16G5/Lab3/VGADisplay/VGAColor/clk100MHz.vhd sub00/vhpl01 1456493314
AR clk_40mhz behavioral /home/robert/UMD_RISC-16G5/Lab3/VGADisplay/VGAColor/clk40MHz.vhd sub00/vhpl03 1456493316
EN clk_100mhz NULL /home/robert/UMD_RISC-16G5/Lab3/VGADisplay/VGAColor/clk100MHz.vhd sub00/vhpl00 1456493313
AR rgb behavioral /home/robert/UMD_RISC-16G5/Lab3/VGADisplay/VGAColor/rgb.vhd sub00/vhpl07 1456493320
EN vga_color NULL /home/robert/UMD_RISC-16G5/Lab3/VGADisplay/VGAColor/vga_color.vhd sub00/vhpl10 1456493323
AR vga_controller behavioral /home/robert/UMD_RISC-16G5/Lab3/VGADisplay/VGAColor/vga_controller.vhd sub00/vhpl09 1456493322
AR vga_color structural /home/robert/UMD_RISC-16G5/Lab3/VGADisplay/VGAColor/vga_color.vhd sub00/vhpl11 1456493324
EN clk_40mhz NULL /home/robert/UMD_RISC-16G5/Lab3/VGADisplay/VGAColor/clk40MHz.vhd sub00/vhpl02 1456493315
EN vga_controller NULL /home/robert/UMD_RISC-16G5/Lab3/VGADisplay/VGAColor/vga_controller.vhd sub00/vhpl08 1456493321
AR pixel_clk structural /home/robert/UMD_RISC-16G5/Lab3/VGADisplay/VGAColor/pixel_clk.vhd sub00/vhpl05 1456493318
EN rgb NULL /home/robert/UMD_RISC-16G5/Lab3/VGADisplay/VGAColor/rgb.vhd sub00/vhpl06 1456493319
