V3 26
FL /home/robert/UMD_RISC-16G5/Lab3/VGADisplay/VGAColor/clk100MHz.vhd 2016/02/12.15:51:30 P.20131013
EN work/CLK_100MHZ 1456493313 \
      FL /home/robert/UMD_RISC-16G5/Lab3/VGADisplay/VGAColor/clk100MHz.vhd \
      PB ieee/std_logic_1164 1381692176 PB ieee/std_logic_arith 1381692177 \
      PB ieee/STD_LOGIC_UNSIGNED 1381692179 LB UNISIM PH unisim/VCOMPONENTS 1381692182
AR work/CLK_100MHZ/Behavioral 1456493314 \
      FL /home/robert/UMD_RISC-16G5/Lab3/VGADisplay/VGAColor/clk100MHz.vhd \
      EN work/CLK_100MHZ 1456493313 CP CLKDLL
FL /home/robert/UMD_RISC-16G5/Lab3/VGADisplay/VGAColor/clk40MHz.vhd 2016/02/12.15:51:30 P.20131013
EN work/CLK_40MHZ 1456493315 \
      FL /home/robert/UMD_RISC-16G5/Lab3/VGADisplay/VGAColor/clk40MHz.vhd \
      PB ieee/std_logic_1164 1381692176 PB ieee/std_logic_arith 1381692177 \
      PB ieee/STD_LOGIC_UNSIGNED 1381692179 LB UNISIM PH unisim/VCOMPONENTS 1381692182
AR work/CLK_40MHZ/Behavioral 1456493316 \
      FL /home/robert/UMD_RISC-16G5/Lab3/VGADisplay/VGAColor/clk40MHz.vhd \
      EN work/CLK_40MHZ 1456493315 CP CLKDLL
FL /home/robert/UMD_RISC-16G5/Lab3/VGADisplay/VGAColor/pixel_clk.vhd 2016/02/12.15:51:30 P.20131013
EN work/PIXEL_CLK 1456493317 \
      FL /home/robert/UMD_RISC-16G5/Lab3/VGADisplay/VGAColor/pixel_clk.vhd \
      PB ieee/std_logic_1164 1381692176 PB ieee/std_logic_arith 1381692177 \
      PB ieee/STD_LOGIC_UNSIGNED 1381692179
AR work/PIXEL_CLK/Structural 1456493318 \
      FL /home/robert/UMD_RISC-16G5/Lab3/VGADisplay/VGAColor/pixel_clk.vhd \
      EN work/PIXEL_CLK 1456493317 CP work/CLK_100MHZ CP work/CLK_40MHZ
FL /home/robert/UMD_RISC-16G5/Lab3/VGADisplay/VGAColor/rgb.vhd 2016/02/12.15:51:30 P.20131013
EN work/RGB 1456493319 \
      FL /home/robert/UMD_RISC-16G5/Lab3/VGADisplay/VGAColor/rgb.vhd \
      PB ieee/std_logic_1164 1381692176 PB ieee/std_logic_arith 1381692177 \
      PB ieee/STD_LOGIC_UNSIGNED 1381692179
AR work/RGB/Behavioral 1456493320 \
      FL /home/robert/UMD_RISC-16G5/Lab3/VGADisplay/VGAColor/rgb.vhd EN work/RGB 1456493319
FL /home/robert/UMD_RISC-16G5/Lab3/VGADisplay/VGAColor/vga_color.vhd 2016/02/12.15:51:30 P.20131013
EN work/VGA_COLOR 1456493323 \
      FL /home/robert/UMD_RISC-16G5/Lab3/VGADisplay/VGAColor/vga_color.vhd \
      PB ieee/std_logic_1164 1381692176 PB ieee/std_logic_arith 1381692177 \
      PB ieee/STD_LOGIC_UNSIGNED 1381692179 LB work
AR work/VGA_COLOR/Structural 1456493324 \
      FL /home/robert/UMD_RISC-16G5/Lab3/VGADisplay/VGAColor/vga_color.vhd \
      EN work/VGA_COLOR 1456493323 CP work/PIXEL_CLK CP work/RGB \
      CP work/vga_controller
FL /home/robert/UMD_RISC-16G5/Lab3/VGADisplay/VGAColor/vga_controller.vhd 2016/02/12.15:51:30 P.20131013
EN work/vga_controller 1456493321 \
      FL /home/robert/UMD_RISC-16G5/Lab3/VGADisplay/VGAColor/vga_controller.vhd \
      PB ieee/std_logic_1164 1381692176 PB ieee/std_logic_arith 1381692177 \
      PB ieee/STD_LOGIC_UNSIGNED 1381692179
AR work/vga_controller/Behavioral 1456493322 \
      FL /home/robert/UMD_RISC-16G5/Lab3/VGADisplay/VGAColor/vga_controller.vhd \
      EN work/vga_controller 1456493321
