AR programcounter behavioral /home/robert/UMD_RISC-16G5/ProjectLab1/HardwareTestPart1/Lab04/programCounter.vhd sub00/vhpl37 1460325758
AR instr_mem instr_mem_a /home/robert/UMD_RISC-16G5/ProjectLab1/HardwareTestPart1/Lab04/Instr_Mem.vhd sub00/vhpl46 1460325760
EN instruction_memory_tl NULL /home/robert/UMD_RISC-16G5/ProjectLab1/HardwareTestPart1/Lab04/Instruction_Memory_TL.vhd sub00/vhpl50 1460325771
AR debug_ram debug_ram_a /home/robert/UMD_RISC-16G5/ProjectLab1/HardwareTestPart1/Lab04/ipcore_dir/DEBUG_RAM.vhd sub00/vhpl31 1460325806
AR dc_ctl mixed /home/robert/UMD_RISC-16G5/ProjectLab1/HardwareTestPart1/Lab04/DC_CTL.vhd sub00/vhpl55 1460325776
EN vga_debug NULL /home/robert/UMD_RISC-16G5/ProjectLab1/HardwareTestPart1/Lab04/vga_debug.vhd sub00/vhpl34 1460325809
EN alu_toplevel NULL /home/robert/UMD_RISC-16G5/ProjectLab1/HardwareTestPart1/Lab04/alu_toplevel.vhd sub00/vhpl48 1460325769
AR vga_buffer_ram vga_buffer_ram_a /home/robert/UMD_RISC-16G5/ProjectLab1/HardwareTestPart1/Lab04/ipcore_dir/VGA_BUFFER_RAM.vhd sub00/vhpl23 1460325798
EN reg_ctl NULL /home/robert/UMD_RISC-16G5/ProjectLab1/HardwareTestPart1/Lab04/REG_CTL.vhd sub00/vhpl52 1460325773
AR alu structural /home/robert/UMD_RISC-16G5/Lab04/alu_toplevel.vhd sub00/vhpl29 1460318426
EN word_unit NULL /home/robert/UMD_RISC-16G5/ProjectLab1/HardwareTestPart1/Lab04/word_unit.vhd sub00/vhpl42 1460325767
AR word_unit combinational /home/robert/UMD_RISC-16G5/ProjectLab1/HardwareTestPart1/Lab04/word_unit.vhd sub00/vhpl47 1460325768
AR arith_unit combinational /home/robert/UMD_RISC-16G5/ProjectLab1/HardwareTestPart1/Lab04/arith_unit.vhd sub00/vhpl01 1460325762
AR data_ctl behavioral /home/robert/UMD_RISC-16G5/ProjectLab1/HardwareTestPart1/Lab04/DATA_CTL.vhd sub00/vhpl57 1460325778
EN shadow_reg NULL /home/tj/Desktop/UMD_RISC-16G5/ProjectLab2/HardwareTestPart2/Lab04/Shadow_Register_Bank.vhd sub00/vhpl66 1460488010
EN datamem NULL /home/robert/UMD_RISC-16G5/ProjectLab1/HardwareTestPart1/Lab04/DATAMEM.vhd sub00/vhpl43 1460325755
AR load_store_unit behavioral /home/robert/UMD_RISC-16G5/Lab04/load_store_unit.vhd sub00/vhpl07 1460318404
AR reg_ctl dataflow /home/robert/UMD_RISC-16G5/ProjectLab1/HardwareTestPart1/Lab04/REG_CTL.vhd sub00/vhpl53 1460325774
EN data_decode NULL /home/robert/UMD_RISC-16G5/ProjectLab1/HardwareTestPart1/Lab04/data_decoder.vhd sub00/vhpl32 1460325807
AR logical_unit combinational /home/robert/UMD_RISC-16G5/ProjectLab1/HardwareTestPart1/Lab04/logical_unit.vhd sub00/vhpl39 1460325764
EN logical_unit NULL /home/robert/UMD_RISC-16G5/ProjectLab1/HardwareTestPart1/Lab04/logical_unit.vhd sub00/vhpl38 1460325763
EN pipelineregisters NULL /home/robert/UMD_RISC-16G5/ProjectLab1/HardwareTestPart1/Lab04/PipelineRegisters.vhd sub00/vhpl60 1460325781
EN vga_buffer_ram NULL /home/robert/UMD_RISC-16G5/ProjectLab1/HardwareTestPart1/Lab04/ipcore_dir/VGA_BUFFER_RAM.vhd sub00/vhpl22 1460325797
EN registerbank NULL /home/robert/UMD_RISC-16G5/ProjectLab1/HardwareTestPart1/Lab04/RegisterBank.vhd sub00/vhpl62 1460325783
AR vga_debug structural /home/robert/UMD_RISC-16G5/ProjectLab1/HardwareTestPart1/Lab04/vga_debug.vhd sub00/vhpl35 1460325810
EN debounce NULL /home/robert/UMD_RISC-16G5/ProjectLab1/HardwareTestPart1/Lab04/debounce.vhd sub00/vhpl10 1460325785
AR rgb behavioral /home/robert/UMD_RISC-16G5/ProjectLab1/HardwareTestPart1/Lab04/rgb.vhd sub00/vhpl17 1460325792
AR pipelineregisters behavioral /home/robert/UMD_RISC-16G5/ProjectLab1/HardwareTestPart1/Lab04/PipelineRegisters.vhd sub00/vhpl61 1460325782
AR alu_mux combinational /home/robert/UMD_RISC-16G5/Lab04/alu_mux.vhd sub00/vhpl09 1460318406
EN clk_25mhz NULL /home/robert/UMD_RISC-16G5/ProjectLab1/HardwareTestPart1/Lab04/clk25MHz.vhd sub00/vhpl12 1460325787
AR debounce logic /home/robert/UMD_RISC-16G5/ProjectLab1/HardwareTestPart1/Lab04/debounce.vhd sub00/vhpl11 1460325786
EN data_ctl NULL /home/robert/UMD_RISC-16G5/ProjectLab1/HardwareTestPart1/Lab04/DATA_CTL.vhd sub00/vhpl56 1460325777
AR datamem datamem_a /home/robert/UMD_RISC-16G5/ProjectLab1/HardwareTestPart1/Lab04/DATAMEM.vhd sub00/vhpl44 1460325756
AR logic_unit combinational /home/robert/UMD_RISC-16G5/Lab04/alu_logic_unit.vhd sub00/vhpl03 1460318400
AR vga_controller behavioral /home/robert/UMD_RISC-16G5/ProjectLab1/HardwareTestPart1/Lab04/vga_controller.vhd sub00/vhpl15 1460325790
EN load_store_unit NULL /home/robert/UMD_RISC-16G5/Lab04/load_store_unit.vhd sub00/vhpl06 1460318403
AR buttoncontrol structural /home/robert/UMD_RISC-16G5/ProjectLab1/HardwareTestPart1/Lab04/button_controller.vhd sub00/vhpl27 1460325802
AR vga_driver structural /home/robert/UMD_RISC-16G5/ProjectLab1/HardwareTestPart1/Lab04/vga_driver.vhd sub00/vhpl25 1460325800
EN shift_unit NULL /home/robert/UMD_RISC-16G5/ProjectLab1/HardwareTestPart1/Lab04/shift_unit.vhd sub00/vhpl40 1460325765
EN programcounter NULL /home/robert/UMD_RISC-16G5/ProjectLab1/HardwareTestPart1/Lab04/programCounter.vhd sub00/vhpl36 1460325757
EN arith_unit NULL /home/robert/UMD_RISC-16G5/ProjectLab1/HardwareTestPart1/Lab04/arith_unit.vhd sub00/vhpl00 1460325761
EN logic_unit NULL /home/robert/UMD_RISC-16G5/Lab04/alu_logic_unit.vhd sub00/vhpl02 1460318399
EN vga_driver NULL /home/robert/UMD_RISC-16G5/ProjectLab1/HardwareTestPart1/Lab04/vga_driver.vhd sub00/vhpl24 1460325799
AR imsel dataflow /home/robert/UMD_RISC-16G5/ProjectLab1/HardwareTestPart1/Lab04/IMSEL.vhd sub00/vhpl59 1460325780
EN alu_shift_unit NULL /home/robert/UMD_RISC-16G5/Lab04/alu_shift_unit.vhd sub00/vhpl04 1460318401
EN dc_ctl NULL /home/robert/UMD_RISC-16G5/ProjectLab1/HardwareTestPart1/Lab04/DC_CTL.vhd sub00/vhpl54 1460325775
AR data_decode structural /home/robert/UMD_RISC-16G5/ProjectLab1/HardwareTestPart1/Lab04/data_decoder.vhd sub00/vhpl33 1460325808
EN imsel NULL /home/robert/UMD_RISC-16G5/ProjectLab1/HardwareTestPart1/Lab04/IMSEL.vhd sub00/vhpl58 1460325779
AR shadow_reg behavioral /home/tj/Desktop/UMD_RISC-16G5/ProjectLab2/HardwareTestPart2/Lab04/Shadow_Register_Bank.vhd sub00/vhpl67 1460488011
AR alu_shift_unit combinational /home/robert/UMD_RISC-16G5/Lab04/alu_shift_unit.vhd sub00/vhpl05 1460318402
AR font_rom arch /home/robert/UMD_RISC-16G5/ProjectLab1/HardwareTestPart1/Lab04/font_rom_ascii.vhd sub00/vhpl21 1460325796
EN font_rom NULL /home/robert/UMD_RISC-16G5/ProjectLab1/HardwareTestPart1/Lab04/font_rom_ascii.vhd sub00/vhpl20 1460325795
EN debug_ram NULL /home/robert/UMD_RISC-16G5/ProjectLab1/HardwareTestPart1/Lab04/ipcore_dir/DEBUG_RAM.vhd sub00/vhpl30 1460325805
EN buttoncontrol NULL /home/robert/UMD_RISC-16G5/ProjectLab1/HardwareTestPart1/Lab04/button_controller.vhd sub00/vhpl26 1460325801
EN vga_controller NULL /home/robert/UMD_RISC-16G5/ProjectLab1/HardwareTestPart1/Lab04/vga_controller.vhd sub00/vhpl14 1460325789
AR instruction_memory_tl structural /home/robert/UMD_RISC-16G5/ProjectLab1/HardwareTestPart1/Lab04/Instruction_Memory_TL.vhd sub00/vhpl51 1460325772
EN projlab01 NULL /home/robert/UMD_RISC-16G5/ProjectLab1/HardwareTestPart1/Lab04/ProjLab01.vhd sub00/vhpl64 1460325803
AR projlab01 structural /home/robert/UMD_RISC-16G5/ProjectLab1/HardwareTestPart1/Lab04/ProjLab01.vhd sub00/vhpl65 1460325804
AR registerbank behavioral /home/robert/UMD_RISC-16G5/ProjectLab1/HardwareTestPart1/Lab04/RegisterBank.vhd sub00/vhpl63 1460325784
AR alu_toplevel structural /home/robert/UMD_RISC-16G5/ProjectLab1/HardwareTestPart1/Lab04/alu_toplevel.vhd sub00/vhpl49 1460325770
EN instr_mem NULL /home/robert/UMD_RISC-16G5/ProjectLab1/HardwareTestPart1/Lab04/Instr_Mem.vhd sub00/vhpl45 1460325759
EN alu_mux NULL /home/robert/UMD_RISC-16G5/Lab04/alu_mux.vhd sub00/vhpl08 1460318405
AR clk_25mhz behavioral /home/robert/UMD_RISC-16G5/ProjectLab1/HardwareTestPart1/Lab04/clk25MHz.vhd sub00/vhpl13 1460325788
EN mux8to1 NULL /home/robert/UMD_RISC-16G5/ProjectLab1/HardwareTestPart1/Lab04/mux8to1.vhd sub00/vhpl18 1460325793
EN rgb NULL /home/robert/UMD_RISC-16G5/ProjectLab1/HardwareTestPart1/Lab04/rgb.vhd sub00/vhpl16 1460325791
EN alu NULL /home/robert/UMD_RISC-16G5/Lab04/alu_toplevel.vhd sub00/vhpl28 1460318425
AR mux8to1 behavioral /home/robert/UMD_RISC-16G5/ProjectLab1/HardwareTestPart1/Lab04/mux8to1.vhd sub00/vhpl19 1460325794
AR shift_unit combinational /home/robert/UMD_RISC-16G5/ProjectLab1/HardwareTestPart1/Lab04/shift_unit.vhd sub00/vhpl41 1460325766
