V3 186
FL //vnx-cifs/coefs/eng/shared/cparks1/Xilinx/Lab04/alu_arithmetic_unit.vhd 2016/03/04.15:24:33 P.20131013
FL //vnx-cifs/coefs/eng/shared/cparks1/Xilinx/Lab04/alu_logic_unit.vhd 2016/03/04.15:24:33 P.20131013
FL //vnx-cifs/coefs/eng/shared/cparks1/Xilinx/Lab04/alu_mux.vhd 2016/03/04.15:24:33 P.20131013
FL //vnx-cifs/coefs/eng/shared/cparks1/Xilinx/Lab04/alu_shift_unit.vhd 2016/03/04.15:24:34 P.20131013
FL //vnx-cifs/coefs/eng/shared/cparks1/Xilinx/Lab04/alu_toplevel.vhd 2016/03/04.15:24:34 P.20131013
FL //vnx-cifs/coefs/eng/shared/cparks1/Xilinx/Lab04/button_controller.vhd 2016/03/04.15:24:34 P.20131013
FL //vnx-cifs/coefs/eng/shared/cparks1/Xilinx/Lab04/clk25MHz.vhd 2016/03/04.15:24:34 P.20131013
FL //vnx-cifs/coefs/eng/shared/cparks1/Xilinx/Lab04/data_decoder.vhd 2016/03/04.15:24:34 P.20131013
FL //vnx-cifs/coefs/eng/shared/cparks1/Xilinx/Lab04/debounce.vhd 2016/03/04.15:24:34 P.20131013
FL //vnx-cifs/coefs/eng/shared/cparks1/Xilinx/Lab04/font_rom_ascii.vhd 2016/03/04.15:24:34 P.20131013
FL //vnx-cifs/coefs/eng/shared/cparks1/Xilinx/Lab04/ipcore_dir/DEBUG_RAM.vhd 2016/03/04.16:05:45 P.20131013
FL //vnx-cifs/coefs/eng/shared/cparks1/Xilinx/Lab04/ipcore_dir/VGA_BUFFER_RAM.vhd 2016/03/04.15:24:36 P.20131013
FL //vnx-cifs/coefs/eng/shared/cparks1/Xilinx/Lab04/load_store_unit.vhd 2016/03/04.15:24:34 P.20131013
FL //vnx-cifs/coefs/eng/shared/cparks1/Xilinx/Lab04/mux8to1.vhd 2016/03/04.15:24:34 P.20131013
FL //vnx-cifs/coefs/eng/shared/cparks1/Xilinx/Lab04/rgb.vhd 2016/03/04.15:24:34 P.20131013
FL //vnx-cifs/coefs/eng/shared/cparks1/Xilinx/Lab04/vga_controller.vhd 2016/03/04.15:24:34 P.20131013
FL //vnx-cifs/coefs/eng/shared/cparks1/Xilinx/Lab04/vga_debug.vhd 2016/03/04.17:50:23 P.20131013
FL //vnx-cifs/coefs/eng/shared/cparks1/Xilinx/Lab04/vga_driver.vhd 2016/03/04.15:24:35 P.20131013
FL "//vnx-cifs/coefs/eng/shared/tdoucette/ECE 368/Lab04/alu_arithmetic_unit.vhd" 2016/03/09.13:28:58 P.20131013
FL "//vnx-cifs/coefs/eng/shared/tdoucette/ECE 368/Lab04/alu_logic_unit.vhd" 2016/03/09.13:28:58 P.20131013
FL "//vnx-cifs/coefs/eng/shared/tdoucette/ECE 368/Lab04/alu_mux.vhd" 2016/03/09.13:28:58 P.20131013
FL "//vnx-cifs/coefs/eng/shared/tdoucette/ECE 368/Lab04/alu_shift_unit.vhd" 2016/03/09.13:28:58 P.20131013
FL "//vnx-cifs/coefs/eng/shared/tdoucette/ECE 368/Lab04/alu_toplevel.vhd" 2016/03/09.13:28:58 P.20131013
FL "//vnx-cifs/coefs/eng/shared/tdoucette/ECE 368/Lab04/button_controller.vhd" 2016/03/09.13:28:58 P.20131013
FL "//vnx-cifs/coefs/eng/shared/tdoucette/ECE 368/Lab04/clk25MHz.vhd" 2016/03/09.13:28:58 P.20131013
FL "//vnx-cifs/coefs/eng/shared/tdoucette/ECE 368/Lab04/data_decoder.vhd" 2016/03/09.13:28:58 P.20131013
FL "//vnx-cifs/coefs/eng/shared/tdoucette/ECE 368/Lab04/debounce.vhd" 2016/03/09.13:28:58 P.20131013
FL "//vnx-cifs/coefs/eng/shared/tdoucette/ECE 368/Lab04/font_rom_ascii.vhd" 2016/03/09.13:28:58 P.20131013
FL "//vnx-cifs/coefs/eng/shared/tdoucette/ECE 368/Lab04/ipcore_dir/DEBUG_RAM.vhd" 2016/03/09.13:29:02 P.20131013
FL "//vnx-cifs/coefs/eng/shared/tdoucette/ECE 368/Lab04/ipcore_dir/VGA_BUFFER_RAM.vhd" 2016/03/09.13:29:03 P.20131013
FL "//vnx-cifs/coefs/eng/shared/tdoucette/ECE 368/Lab04/load_store_unit.vhd" 2016/03/09.13:28:59 P.20131013
FL "//vnx-cifs/coefs/eng/shared/tdoucette/ECE 368/Lab04/mux8to1.vhd" 2016/03/09.13:28:59 P.20131013
FL "//vnx-cifs/coefs/eng/shared/tdoucette/ECE 368/Lab04/rgb.vhd" 2016/03/09.13:28:59 P.20131013
FL "//vnx-cifs/coefs/eng/shared/tdoucette/ECE 368/Lab04/vga_controller.vhd" 2016/03/09.13:28:59 P.20131013
FL "//vnx-cifs/coefs/eng/shared/tdoucette/ECE 368/Lab04/vga_debug.vhd" 2016/03/09.17:17:44 P.20131013
FL "//vnx-cifs/coefs/eng/shared/tdoucette/ECE 368/Lab04/vga_driver.vhd" 2016/03/09.13:29:01 P.20131013
FL /home/robert/UMD_RISC-16G5/Lab04/alu_arithmetic_unit.vhd 2016/04/08.17:08:16 P.20131013
FL /home/robert/UMD_RISC-16G5/Lab04/alu_logic_unit.vhd 2016/04/08.17:08:16 P.20131013
EN work/Logic_Unit 1460318399 \
      FL /home/robert/UMD_RISC-16G5/Lab04/alu_logic_unit.vhd \
      PB ieee/std_logic_1164 1381692176 PB ieee/std_logic_arith 1381692177 \
      PB ieee/STD_LOGIC_UNSIGNED 1381692179
AR work/Logic_Unit/Combinational 1460318400 \
      FL /home/robert/UMD_RISC-16G5/Lab04/alu_logic_unit.vhd EN work/Logic_Unit 1460318399
FL /home/robert/UMD_RISC-16G5/Lab04/alu_mux.vhd 2016/04/08.17:08:16 P.20131013
EN work/ALU_Mux 1460318405 FL /home/robert/UMD_RISC-16G5/Lab04/alu_mux.vhd \
      PB ieee/std_logic_1164 1381692176 PB ieee/std_logic_arith 1381692177 \
      PB ieee/STD_LOGIC_UNSIGNED 1381692179
AR work/ALU_Mux/Combinational 1460318406 \
      FL /home/robert/UMD_RISC-16G5/Lab04/alu_mux.vhd EN work/ALU_Mux 1460318405
FL /home/robert/UMD_RISC-16G5/Lab04/alu_shift_unit.vhd 2016/04/08.17:08:16 P.20131013
EN work/ALU_Shift_Unit 1460318401 \
      FL /home/robert/UMD_RISC-16G5/Lab04/alu_shift_unit.vhd \
      PB ieee/std_logic_1164 1381692176 PB ieee/std_logic_arith 1381692177 \
      PB ieee/STD_LOGIC_UNSIGNED 1381692179
AR work/ALU_Shift_Unit/Combinational 1460318402 \
      FL /home/robert/UMD_RISC-16G5/Lab04/alu_shift_unit.vhd \
      EN work/ALU_Shift_Unit 1460318401
FL /home/robert/UMD_RISC-16G5/Lab04/alu_toplevel.vhd 2016/04/08.17:08:16 P.20131013
EN work/ALU 1460318425 FL /home/robert/UMD_RISC-16G5/Lab04/alu_toplevel.vhd \
      PB ieee/std_logic_1164 1381692176 PB ieee/std_logic_arith 1381692177 \
      PB ieee/STD_LOGIC_UNSIGNED 1381692179 LB work
AR work/ALU/Structural 1460318426 \
      FL /home/robert/UMD_RISC-16G5/Lab04/alu_toplevel.vhd EN work/ALU 1460318425 \
      CP work/Arith_Unit CP work/Logic_Unit CP work/alu_shift_unit \
      CP work/Load_Store_Unit CP work/ALU_Mux
FL /home/robert/UMD_RISC-16G5/Lab04/button_controller.vhd 2016/04/08.17:08:16 P.20131013
FL /home/robert/UMD_RISC-16G5/Lab04/clk25MHz.vhd 2016/04/08.17:08:16 P.20131013
FL /home/robert/UMD_RISC-16G5/Lab04/data_decoder.vhd 2016/04/08.17:08:16 P.20131013
FL /home/robert/UMD_RISC-16G5/Lab04/debounce.vhd 2016/04/08.17:08:16 P.20131013
FL /home/robert/UMD_RISC-16G5/Lab04/font_rom_ascii.vhd 2016/04/08.17:08:16 P.20131013
FL /home/robert/UMD_RISC-16G5/Lab04/ipcore_dir/DEBUG_RAM.vhd 2016/04/08.17:08:16 P.20131013
FL /home/robert/UMD_RISC-16G5/Lab04/ipcore_dir/VGA_BUFFER_RAM.vhd 2016/04/08.17:08:16 P.20131013
FL /home/robert/UMD_RISC-16G5/Lab04/load_store_unit.vhd 2016/04/08.17:08:16 P.20131013
EN work/Load_Store_Unit 1460318403 \
      FL /home/robert/UMD_RISC-16G5/Lab04/load_store_unit.vhd \
      PB ieee/std_logic_1164 1381692176 PB ieee/std_logic_arith 1381692177 \
      PB ieee/STD_LOGIC_UNSIGNED 1381692179
AR work/Load_Store_Unit/Behavioral 1460318404 \
      FL /home/robert/UMD_RISC-16G5/Lab04/load_store_unit.vhd \
      EN work/Load_Store_Unit 1460318403
FL /home/robert/UMD_RISC-16G5/Lab04/mux8to1.vhd 2016/04/08.17:08:16 P.20131013
FL /home/robert/UMD_RISC-16G5/Lab04/rgb.vhd 2016/04/08.17:08:16 P.20131013
FL /home/robert/UMD_RISC-16G5/Lab04/vga_controller.vhd 2016/04/08.17:08:16 P.20131013
FL /home/robert/UMD_RISC-16G5/Lab04/vga_debug.vhd 2016/04/08.17:08:16 P.20131013
FL /home/robert/UMD_RISC-16G5/Lab04/vga_driver.vhd 2016/04/08.17:08:16 P.20131013
FL /home/robert/UMD_RISC-16G5/ProjectLab1/HardwareTestPart1/Lab04/alu_arithmetic_unit.vhd 2016/04/10.16:04:08 P.20131013
FL /home/robert/UMD_RISC-16G5/ProjectLab1/HardwareTestPart1/Lab04/alu_toplevel.vhd 2016/04/10.15:54:32 P.20131013
EN work/ALU_Toplevel 1460325769 \
      FL /home/robert/UMD_RISC-16G5/ProjectLab1/HardwareTestPart1/Lab04/alu_toplevel.vhd \
      PB ieee/std_logic_1164 1381692176 PB ieee/std_logic_arith 1381692177 \
      PB ieee/STD_LOGIC_UNSIGNED 1381692179 LB work
AR work/ALU_Toplevel/Structural 1460325770 \
      FL /home/robert/UMD_RISC-16G5/ProjectLab1/HardwareTestPart1/Lab04/alu_toplevel.vhd \
      EN work/ALU_Toplevel 1460325769 CP work/Arith_Unit CP work/logical_unit \
      CP work/shift_unit CP work/word_unit
FL /home/robert/UMD_RISC-16G5/ProjectLab1/HardwareTestPart1/Lab04/arith_unit.vhd 2016/04/10.15:54:32 P.20131013
EN work/Arith_Unit 1460325761 \
      FL /home/robert/UMD_RISC-16G5/ProjectLab1/HardwareTestPart1/Lab04/arith_unit.vhd \
      PB ieee/std_logic_1164 1381692176 PB ieee/std_logic_arith 1381692177 \
      PB ieee/STD_LOGIC_SIGNED 1381692178
AR work/Arith_Unit/Combinational 1460325762 \
      FL /home/robert/UMD_RISC-16G5/ProjectLab1/HardwareTestPart1/Lab04/arith_unit.vhd \
      EN work/Arith_Unit 1460325761
FL /home/robert/UMD_RISC-16G5/ProjectLab1/HardwareTestPart1/Lab04/button_controller.vhd 2016/04/10.16:04:08 P.20131013
EN work/buttoncontrol 1460325801 \
      FL /home/robert/UMD_RISC-16G5/ProjectLab1/HardwareTestPart1/Lab04/button_controller.vhd \
      PB ieee/std_logic_1164 1381692176 LB work
AR work/buttoncontrol/Structural 1460325802 \
      FL /home/robert/UMD_RISC-16G5/ProjectLab1/HardwareTestPart1/Lab04/button_controller.vhd \
      EN work/buttoncontrol 1460325801 CP work/debounce
FL /home/robert/UMD_RISC-16G5/ProjectLab1/HardwareTestPart1/Lab04/clk25MHz.vhd 2016/04/10.16:04:08 P.20131013
EN work/CLK_25MHZ 1460325787 \
      FL /home/robert/UMD_RISC-16G5/ProjectLab1/HardwareTestPart1/Lab04/clk25MHz.vhd \
      PB ieee/std_logic_1164 1381692176 PB ieee/std_logic_arith 1381692177 \
      PB ieee/STD_LOGIC_UNSIGNED 1381692179 LB UNISIM PH unisim/VCOMPONENTS 1381692182
AR work/CLK_25MHZ/Behavioral 1460325788 \
      FL /home/robert/UMD_RISC-16G5/ProjectLab1/HardwareTestPart1/Lab04/clk25MHz.vhd \
      EN work/CLK_25MHZ 1460325787 CP CLKDLL
FL /home/robert/UMD_RISC-16G5/ProjectLab1/HardwareTestPart1/Lab04/DATAMEM.vhd 2016/04/10.15:54:32 P.20131013
EN work/DATAMEM 1460325755 \
      FL /home/robert/UMD_RISC-16G5/ProjectLab1/HardwareTestPart1/Lab04/DATAMEM.vhd \
      PB ieee/std_logic_1164 1381692176
AR work/DATAMEM/DATAMEM_a 1460325756 \
      FL /home/robert/UMD_RISC-16G5/ProjectLab1/HardwareTestPart1/Lab04/DATAMEM.vhd \
      EN work/DATAMEM 1460325755
FL /home/robert/UMD_RISC-16G5/ProjectLab1/HardwareTestPart1/Lab04/DATA_CTL.vhd 2016/04/10.15:54:32 P.20131013
EN work/DATA_CTL 1460325777 \
      FL /home/robert/UMD_RISC-16G5/ProjectLab1/HardwareTestPart1/Lab04/DATA_CTL.vhd \
      PB ieee/std_logic_1164 1381692176
AR work/DATA_CTL/Behavioral 1460325778 \
      FL /home/robert/UMD_RISC-16G5/ProjectLab1/HardwareTestPart1/Lab04/DATA_CTL.vhd \
      EN work/DATA_CTL 1460325777
FL /home/robert/UMD_RISC-16G5/ProjectLab1/HardwareTestPart1/Lab04/data_decoder.vhd 2016/04/10.16:04:08 P.20131013
EN work/Data_Decode 1460325807 \
      FL /home/robert/UMD_RISC-16G5/ProjectLab1/HardwareTestPart1/Lab04/data_decoder.vhd \
      PB ieee/std_logic_1164 1381692176 PB ieee/std_logic_arith 1381692177 \
      PB ieee/STD_LOGIC_UNSIGNED 1381692179
AR work/Data_Decode/Structural 1460325808 \
      FL /home/robert/UMD_RISC-16G5/ProjectLab1/HardwareTestPart1/Lab04/data_decoder.vhd \
      EN work/Data_Decode 1460325807
FL /home/robert/UMD_RISC-16G5/ProjectLab1/HardwareTestPart1/Lab04/DC_CTL.vhd 2016/04/10.15:54:32 P.20131013
EN work/DC_CTL 1460325775 \
      FL /home/robert/UMD_RISC-16G5/ProjectLab1/HardwareTestPart1/Lab04/DC_CTL.vhd \
      PB ieee/std_logic_1164 1381692176
AR work/DC_CTL/Mixed 1460325776 \
      FL /home/robert/UMD_RISC-16G5/ProjectLab1/HardwareTestPart1/Lab04/DC_CTL.vhd \
      EN work/DC_CTL 1460325775
FL /home/robert/UMD_RISC-16G5/ProjectLab1/HardwareTestPart1/Lab04/debounce.vhd 2016/04/10.16:04:08 P.20131013
EN work/debounce 1460325785 \
      FL /home/robert/UMD_RISC-16G5/ProjectLab1/HardwareTestPart1/Lab04/debounce.vhd \
      PB ieee/std_logic_1164 1381692176 PB ieee/STD_LOGIC_UNSIGNED 1381692179
AR work/debounce/Logic 1460325786 \
      FL /home/robert/UMD_RISC-16G5/ProjectLab1/HardwareTestPart1/Lab04/debounce.vhd \
      EN work/debounce 1460325785
FL /home/robert/UMD_RISC-16G5/ProjectLab1/HardwareTestPart1/Lab04/font_rom_ascii.vhd 2016/04/10.16:04:08 P.20131013
EN work/FONT_ROM 1460325795 \
      FL /home/robert/UMD_RISC-16G5/ProjectLab1/HardwareTestPart1/Lab04/font_rom_ascii.vhd \
      PB ieee/std_logic_1164 1381692176 PB ieee/NUMERIC_STD 1381692181
AR work/FONT_ROM/arch 1460325796 \
      FL /home/robert/UMD_RISC-16G5/ProjectLab1/HardwareTestPart1/Lab04/font_rom_ascii.vhd \
      EN work/FONT_ROM 1460325795
FL /home/robert/UMD_RISC-16G5/ProjectLab1/HardwareTestPart1/Lab04/IMSEL.vhd 2016/04/10.15:54:32 P.20131013
EN work/IMSEL 1460325779 \
      FL /home/robert/UMD_RISC-16G5/ProjectLab1/HardwareTestPart1/Lab04/IMSEL.vhd \
      PB ieee/std_logic_1164 1381692176
AR work/IMSEL/Dataflow 1460325780 \
      FL /home/robert/UMD_RISC-16G5/ProjectLab1/HardwareTestPart1/Lab04/IMSEL.vhd \
      EN work/IMSEL 1460325779
FL /home/robert/UMD_RISC-16G5/ProjectLab1/HardwareTestPart1/Lab04/Instruction_Memory_TL.vhd 2016/04/10.15:54:32 P.20131013
EN work/Instruction_Memory_TL 1460325771 \
      FL /home/robert/UMD_RISC-16G5/ProjectLab1/HardwareTestPart1/Lab04/Instruction_Memory_TL.vhd \
      PB ieee/std_logic_1164 1381692176
AR work/Instruction_Memory_TL/Structural 1460325772 \
      FL /home/robert/UMD_RISC-16G5/ProjectLab1/HardwareTestPart1/Lab04/Instruction_Memory_TL.vhd \
      EN work/Instruction_Memory_TL 1460325771 CP work/programCounter \
      CP work/Instr_Mem
FL /home/robert/UMD_RISC-16G5/ProjectLab1/HardwareTestPart1/Lab04/Instr_Mem.vhd 2016/04/10.15:54:32 P.20131013
EN work/Instr_Mem 1460325759 \
      FL /home/robert/UMD_RISC-16G5/ProjectLab1/HardwareTestPart1/Lab04/Instr_Mem.vhd \
      PB ieee/std_logic_1164 1381692176
AR work/Instr_Mem/Instr_Mem_a 1460325760 \
      FL /home/robert/UMD_RISC-16G5/ProjectLab1/HardwareTestPart1/Lab04/Instr_Mem.vhd \
      EN work/Instr_Mem 1460325759
FL /home/robert/UMD_RISC-16G5/ProjectLab1/HardwareTestPart1/Lab04/ipcore_dir/DEBUG_RAM.vhd 2016/04/10.16:32:52 P.20131013
EN work/DEBUG_RAM 1460325805 \
      FL /home/robert/UMD_RISC-16G5/ProjectLab1/HardwareTestPart1/Lab04/ipcore_dir/DEBUG_RAM.vhd \
      PB ieee/std_logic_1164 1381692176
AR work/DEBUG_RAM/DEBUG_RAM_a 1460325806 \
      FL /home/robert/UMD_RISC-16G5/ProjectLab1/HardwareTestPart1/Lab04/ipcore_dir/DEBUG_RAM.vhd \
      EN work/DEBUG_RAM 1460325805
FL /home/robert/UMD_RISC-16G5/ProjectLab1/HardwareTestPart1/Lab04/ipcore_dir/VGA_BUFFER_RAM.vhd 2016/04/10.16:04:08 P.20131013
EN work/VGA_BUFFER_RAM 1460325797 \
      FL /home/robert/UMD_RISC-16G5/ProjectLab1/HardwareTestPart1/Lab04/ipcore_dir/VGA_BUFFER_RAM.vhd \
      PB ieee/std_logic_1164 1381692176
AR work/VGA_BUFFER_RAM/VGA_BUFFER_RAM_a 1460325798 \
      FL /home/robert/UMD_RISC-16G5/ProjectLab1/HardwareTestPart1/Lab04/ipcore_dir/VGA_BUFFER_RAM.vhd \
      EN work/VGA_BUFFER_RAM 1460325797
FL /home/robert/UMD_RISC-16G5/ProjectLab1/HardwareTestPart1/Lab04/logical_unit.vhd 2016/04/10.15:54:32 P.20131013
EN work/logical_unit 1460325763 \
      FL /home/robert/UMD_RISC-16G5/ProjectLab1/HardwareTestPart1/Lab04/logical_unit.vhd \
      PB ieee/std_logic_1164 1381692176 PB ieee/std_logic_arith 1381692177 \
      PB ieee/STD_LOGIC_UNSIGNED 1381692179
AR work/logical_unit/Combinational 1460325764 \
      FL /home/robert/UMD_RISC-16G5/ProjectLab1/HardwareTestPart1/Lab04/logical_unit.vhd \
      EN work/logical_unit 1460325763
FL /home/robert/UMD_RISC-16G5/ProjectLab1/HardwareTestPart1/Lab04/mux8to1.vhd 2016/04/10.16:04:08 P.20131013
EN work/MUX8to1 1460325793 \
      FL /home/robert/UMD_RISC-16G5/ProjectLab1/HardwareTestPart1/Lab04/mux8to1.vhd \
      PB ieee/std_logic_1164 1381692176 PB ieee/std_logic_arith 1381692177 \
      PB ieee/STD_LOGIC_UNSIGNED 1381692179
AR work/MUX8to1/Behavioral 1460325794 \
      FL /home/robert/UMD_RISC-16G5/ProjectLab1/HardwareTestPart1/Lab04/mux8to1.vhd \
      EN work/MUX8to1 1460325793
FL /home/robert/UMD_RISC-16G5/ProjectLab1/HardwareTestPart1/Lab04/PipelineRegisters.vhd 2016/04/10.15:54:32 P.20131013
EN work/PipelineRegisters 1460325781 \
      FL /home/robert/UMD_RISC-16G5/ProjectLab1/HardwareTestPart1/Lab04/PipelineRegisters.vhd \
      PB ieee/std_logic_1164 1381692176
AR work/PipelineRegisters/Behavioral 1460325782 \
      FL /home/robert/UMD_RISC-16G5/ProjectLab1/HardwareTestPart1/Lab04/PipelineRegisters.vhd \
      EN work/PipelineRegisters 1460325781
FL /home/robert/UMD_RISC-16G5/ProjectLab1/HardwareTestPart1/Lab04/programCounter.vhd 2016/04/10.15:54:32 P.20131013
EN work/programCounter 1460325757 \
      FL /home/robert/UMD_RISC-16G5/ProjectLab1/HardwareTestPart1/Lab04/programCounter.vhd \
      PB ieee/std_logic_1164 1381692176 PB ieee/std_logic_arith 1381692177 \
      PB ieee/STD_LOGIC_UNSIGNED 1381692179
AR work/programCounter/Behavioral 1460325758 \
      FL /home/robert/UMD_RISC-16G5/ProjectLab1/HardwareTestPart1/Lab04/programCounter.vhd \
      EN work/programCounter 1460325757
FL /home/robert/UMD_RISC-16G5/ProjectLab1/HardwareTestPart1/Lab04/ProjLab01.vhd 2016/04/10.15:54:32 P.20131013
EN work/ProjLab01 1460325803 \
      FL /home/robert/UMD_RISC-16G5/ProjectLab1/HardwareTestPart1/Lab04/ProjLab01.vhd \
      PB ieee/std_logic_1164 1381692176 PB ieee/std_logic_arith 1381692177 \
      PB ieee/STD_LOGIC_UNSIGNED 1381692179 LB work
AR work/ProjLab01/Structural 1460325804 \
      FL /home/robert/UMD_RISC-16G5/ProjectLab1/HardwareTestPart1/Lab04/ProjLab01.vhd \
      EN work/ProjLab01 1460325803 CP work/ALU_Toplevel \
      CP work/Instruction_Memory_TL CP work/REG_CTL CP work/DC_CTL CP work/DATA_CTL \
      CP work/IMSEL CP work/PipelineRegisters CP work/programCounter \
      CP work/RegisterBank
FL /home/robert/UMD_RISC-16G5/ProjectLab1/HardwareTestPart1/Lab04/RegisterBank.vhd 2016/04/10.15:54:32 P.20131013
EN work/RegisterBank 1460325783 \
      FL /home/robert/UMD_RISC-16G5/ProjectLab1/HardwareTestPart1/Lab04/RegisterBank.vhd \
      PB ieee/std_logic_1164 1381692176
AR work/RegisterBank/Behavioral 1460325784 \
      FL /home/robert/UMD_RISC-16G5/ProjectLab1/HardwareTestPart1/Lab04/RegisterBank.vhd \
      EN work/RegisterBank 1460325783
FL /home/robert/UMD_RISC-16G5/ProjectLab1/HardwareTestPart1/Lab04/REG_CTL.vhd 2016/04/10.15:54:32 P.20131013
EN work/REG_CTL 1460325773 \
      FL /home/robert/UMD_RISC-16G5/ProjectLab1/HardwareTestPart1/Lab04/REG_CTL.vhd \
      PB ieee/std_logic_1164 1381692176
AR work/REG_CTL/Dataflow 1460325774 \
      FL /home/robert/UMD_RISC-16G5/ProjectLab1/HardwareTestPart1/Lab04/REG_CTL.vhd \
      EN work/REG_CTL 1460325773
FL /home/robert/UMD_RISC-16G5/ProjectLab1/HardwareTestPart1/Lab04/rgb.vhd 2016/04/10.16:04:08 P.20131013
EN work/RGB 1460325791 \
      FL /home/robert/UMD_RISC-16G5/ProjectLab1/HardwareTestPart1/Lab04/rgb.vhd \
      PB ieee/std_logic_1164 1381692176 PB ieee/std_logic_arith 1381692177 \
      PB ieee/STD_LOGIC_UNSIGNED 1381692179
AR work/RGB/Behavioral 1460325792 \
      FL /home/robert/UMD_RISC-16G5/ProjectLab1/HardwareTestPart1/Lab04/rgb.vhd \
      EN work/RGB 1460325791
FL /home/robert/UMD_RISC-16G5/ProjectLab1/HardwareTestPart1/Lab04/shift_unit.vhd 2016/04/10.15:54:32 P.20131013
EN work/shift_unit 1460325765 \
      FL /home/robert/UMD_RISC-16G5/ProjectLab1/HardwareTestPart1/Lab04/shift_unit.vhd \
      PB ieee/std_logic_1164 1381692176 PB ieee/std_logic_arith 1381692177 \
      PB ieee/STD_LOGIC_UNSIGNED 1381692179
AR work/shift_unit/Combinational 1460325766 \
      FL /home/robert/UMD_RISC-16G5/ProjectLab1/HardwareTestPart1/Lab04/shift_unit.vhd \
      EN work/shift_unit 1460325765
FL /home/robert/UMD_RISC-16G5/ProjectLab1/HardwareTestPart1/Lab04/vga_controller.vhd 2016/04/10.16:04:08 P.20131013
EN work/vga_controller 1460325789 \
      FL /home/robert/UMD_RISC-16G5/ProjectLab1/HardwareTestPart1/Lab04/vga_controller.vhd \
      PB ieee/std_logic_1164 1381692176 PB ieee/std_logic_arith 1381692177 \
      PB ieee/STD_LOGIC_UNSIGNED 1381692179
AR work/vga_controller/Behavioral 1460325790 \
      FL /home/robert/UMD_RISC-16G5/ProjectLab1/HardwareTestPart1/Lab04/vga_controller.vhd \
      EN work/vga_controller 1460325789
FL /home/robert/UMD_RISC-16G5/ProjectLab1/HardwareTestPart1/Lab04/vga_debug.vhd 2016/04/10.18:02:26 P.20131013
EN work/VGA_Debug 1460325809 \
      FL /home/robert/UMD_RISC-16G5/ProjectLab1/HardwareTestPart1/Lab04/vga_debug.vhd \
      PB ieee/std_logic_1164 1381692176 PB ieee/std_logic_arith 1381692177 \
      PB ieee/STD_LOGIC_UNSIGNED 1381692179 LB work
AR work/VGA_Debug/Structural 1460325810 \
      FL /home/robert/UMD_RISC-16G5/ProjectLab1/HardwareTestPart1/Lab04/vga_debug.vhd \
      EN work/VGA_Debug 1460325809 CP work/VGA_DRIVER CP work/buttoncontrol \
      CP work/ProjLab01 CP work/DEBUG_RAM CP work/Data_Decode
FL /home/robert/UMD_RISC-16G5/ProjectLab1/HardwareTestPart1/Lab04/vga_driver.vhd 2016/04/10.16:04:08 P.20131013
EN work/VGA_Driver 1460325799 \
      FL /home/robert/UMD_RISC-16G5/ProjectLab1/HardwareTestPart1/Lab04/vga_driver.vhd \
      PB ieee/std_logic_1164 1381692176 PB ieee/std_logic_arith 1381692177 \
      PB ieee/STD_LOGIC_UNSIGNED 1381692179 LB work
AR work/VGA_Driver/Structural 1460325800 \
      FL /home/robert/UMD_RISC-16G5/ProjectLab1/HardwareTestPart1/Lab04/vga_driver.vhd \
      EN work/VGA_Driver 1460325799 CP work/CLK_25MHZ CP work/vga_controller \
      CP work/RGB CP work/MUX8to1 CP work/FONT_ROM CP work/VGA_BUFFER_RAM
FL /home/robert/UMD_RISC-16G5/ProjectLab1/HardwareTestPart1/Lab04/word_unit.vhd 2016/04/10.15:54:32 P.20131013
EN work/word_unit 1460325767 \
      FL /home/robert/UMD_RISC-16G5/ProjectLab1/HardwareTestPart1/Lab04/word_unit.vhd \
      PB ieee/std_logic_1164 1381692176 LB work
AR work/word_unit/Combinational 1460325768 \
      FL /home/robert/UMD_RISC-16G5/ProjectLab1/HardwareTestPart1/Lab04/word_unit.vhd \
      EN work/word_unit 1460325767 CP work/DATAMEM
FL /home/tj/Desktop/UMD_RISC-16G5/ProjectLab2/HardwareTestPart2/Lab04/Shadow_Register_Bank.vhd 2016/04/12.15:06:37 P.20131013
EN work/Shadow_Reg 1460488010 \
      FL /home/tj/Desktop/UMD_RISC-16G5/ProjectLab2/HardwareTestPart2/Lab04/Shadow_Register_Bank.vhd \
      PB ieee/std_logic_1164 1381692176
AR work/Shadow_Reg/Behavioral 1460488011 \
      FL /home/tj/Desktop/UMD_RISC-16G5/ProjectLab2/HardwareTestPart2/Lab04/Shadow_Register_Bank.vhd \
      EN work/Shadow_Reg 1460488010
