AR programcounter behavioral //umdfs1.umdar.umassd.edu/studentshares$/cparks1/ECE368_Project_Lab1_Team5/programCounter.vhd sub00/vhpl03 1461358789
AR instr_mem instr_mem_a //umdfs1.umdar.umassd.edu/studentshares$/cparks1/ECE368_Project_Lab1_Team5/ipcore_dir/Instr_Mem.vhd sub00/vhpl05 1461358791
EN instruction_memory_tl NULL //umdfs1.umdar.umassd.edu/studentshares$/cparks1/ECE368_Project_Lab1_Team5/Instruction_Memory_TL.vhd sub00/vhpl18 1461358804
AR dc_ctl mixed //umdfs1.umdar.umassd.edu/studentshares$/cparks1/ECE368_Project_Lab1_Team5/DC_CTL.vhd sub00/vhpl23 1461358809
EN alu_toplevel NULL //umdfs1.umdar.umassd.edu/studentshares$/cparks1/ECE368_Project_Lab1_Team5/alu_toplevel.vhd sub00/vhpl16 1461358802
EN reg_ctl NULL //umdfs1.umdar.umassd.edu/studentshares$/cparks1/ECE368_Project_Lab1_Team5/REG_CTL.vhd sub00/vhpl20 1461358806
EN word_unit NULL //umdfs1.umdar.umassd.edu/studentshares$/cparks1/ECE368_Project_Lab1_Team5/word_unit.vhd sub00/vhpl12 1461358798
AR word_unit combinational //umdfs1.umdar.umassd.edu/studentshares$/cparks1/ECE368_Project_Lab1_Team5/word_unit.vhd sub00/vhpl13 1461358799
AR arith_unit combinational //umdfs1.umdar.umassd.edu/studentshares$/cparks1/ECE368_Project_Lab1_Team5/arith_unit.vhd sub00/vhpl07 1461358793
AR data_ctl behavioral //umdfs1.umdar.umassd.edu/studentshares$/cparks1/ECE368_Project_Lab1_Team5/DATA_CTL.vhd sub00/vhpl25 1461358811
EN datamem NULL //umdfs1.umdar.umassd.edu/studentshares$/cparks1/ECE368_Project_Lab1_Team5/ipcore_dir/DATAMEM.vhd sub00/vhpl00 1461358786
AR jump_unit combinational //umdfs1.umdar.umassd.edu/studentshares$/cparks1/ECE368_Project_Lab1_Team5/jump_unit.vhd sub00/vhpl15 1461358801
AR reg_ctl dataflow //umdfs1.umdar.umassd.edu/studentshares$/cparks1/ECE368_Project_Lab1_Team5/REG_CTL.vhd sub00/vhpl21 1461358807
AR logical_unit combinational //umdfs1.umdar.umassd.edu/studentshares$/cparks1/ECE368_Project_Lab1_Team5/logical_unit.vhd sub00/vhpl09 1461358795
EN logical_unit NULL //umdfs1.umdar.umassd.edu/studentshares$/cparks1/ECE368_Project_Lab1_Team5/logical_unit.vhd sub00/vhpl08 1461358794
EN pipelineregisters NULL //umdfs1.umdar.umassd.edu/studentshares$/cparks1/ECE368_Project_Lab1_Team5/PipelineRegisters.vhd sub00/vhpl28 1461358814
EN registerbank NULL //umdfs1.umdar.umassd.edu/studentshares$/cparks1/ECE368_Project_Lab1_Team5/RegisterBank.vhd sub00/vhpl30 1461358816
AR pipelineregisters behavioral //umdfs1.umdar.umassd.edu/studentshares$/cparks1/ECE368_Project_Lab1_Team5/PipelineRegisters.vhd sub00/vhpl29 1461358815
EN data_ctl NULL //umdfs1.umdar.umassd.edu/studentshares$/cparks1/ECE368_Project_Lab1_Team5/DATA_CTL.vhd sub00/vhpl24 1461358810
AR datamem datamem_a //umdfs1.umdar.umassd.edu/studentshares$/cparks1/ECE368_Project_Lab1_Team5/ipcore_dir/DATAMEM.vhd sub00/vhpl01 1461358787
EN shift_unit NULL //umdfs1.umdar.umassd.edu/studentshares$/cparks1/ECE368_Project_Lab1_Team5/shift_unit.vhd sub00/vhpl10 1461358796
EN programcounter NULL //umdfs1.umdar.umassd.edu/studentshares$/cparks1/ECE368_Project_Lab1_Team5/programCounter.vhd sub00/vhpl02 1461358788
EN arith_unit NULL //umdfs1.umdar.umassd.edu/studentshares$/cparks1/ECE368_Project_Lab1_Team5/arith_unit.vhd sub00/vhpl06 1461358792
AR imsel dataflow //umdfs1.umdar.umassd.edu/studentshares$/cparks1/ECE368_Project_Lab1_Team5/IMSEL.vhd sub00/vhpl27 1461358813
EN dc_ctl NULL //umdfs1.umdar.umassd.edu/studentshares$/cparks1/ECE368_Project_Lab1_Team5/DC_CTL.vhd sub00/vhpl22 1461358808
EN imsel NULL //umdfs1.umdar.umassd.edu/studentshares$/cparks1/ECE368_Project_Lab1_Team5/IMSEL.vhd sub00/vhpl26 1461358812
AR instruction_memory_tl structural //umdfs1.umdar.umassd.edu/studentshares$/cparks1/ECE368_Project_Lab1_Team5/Instruction_Memory_TL.vhd sub00/vhpl19 1461358805
EN projlab01 NULL //umdfs1.umdar.umassd.edu/studentshares$/cparks1/ECE368_Project_Lab1_Team5/ProjLab01.vhd sub00/vhpl32 1461358818
AR projlab01 structural //umdfs1.umdar.umassd.edu/studentshares$/cparks1/ECE368_Project_Lab1_Team5/ProjLab01.vhd sub00/vhpl33 1461358819
AR registerbank behavioral //umdfs1.umdar.umassd.edu/studentshares$/cparks1/ECE368_Project_Lab1_Team5/RegisterBank.vhd sub00/vhpl31 1461358817
AR alu_toplevel structural //umdfs1.umdar.umassd.edu/studentshares$/cparks1/ECE368_Project_Lab1_Team5/alu_toplevel.vhd sub00/vhpl17 1461358803
EN jump_unit NULL //umdfs1.umdar.umassd.edu/studentshares$/cparks1/ECE368_Project_Lab1_Team5/jump_unit.vhd sub00/vhpl14 1461358800
EN instr_mem NULL //umdfs1.umdar.umassd.edu/studentshares$/cparks1/ECE368_Project_Lab1_Team5/ipcore_dir/Instr_Mem.vhd sub00/vhpl04 1461358790
AR shift_unit combinational //umdfs1.umdar.umassd.edu/studentshares$/cparks1/ECE368_Project_Lab1_Team5/shift_unit.vhd sub00/vhpl11 1461358797
